11:46:38 **** Incremental Build of configuration Debug for project standalone_bsp_0_xuartps_hello_world_example_1 ****
make pre-build main-build 
a9-linaro-pre-build-step
' '
make: Nothing to be done for 'main-build'.
11:46:54 **** Clean-only build of configuration Debug for project standalone_bsp_0_xuartps_hello_world_example_1 ****
make clean 
rm -rf  ./src/xuartps_hello_world_example.o  ./src/xuartps_hello_world_example.d  standalone_bsp_0_xuartps_hello_world_example_1.elf.size  standalone_bsp_0_xuartps_hello_world_example_1.elf
' '
11:46:54 **** Auto Build of configuration Debug for project standalone_bsp_0_xuartps_hello_world_example_1 ****
make pre-build main-build 
a9-linaro-pre-build-step
' '
'Building file: ../src/xuartps_hello_world_example.c'
'Invoking: ARM v7 gcc compiler'
arm-none-eabi-gcc -Wall -O0 -g3 -c -fmessage-length=0 -MT"src/xuartps_hello_world_example.o" -mcpu=cortex-a9 -mfpu=vfpv3 -mfloat-abi=hard -I../../standalone_bsp_0/ps7_cortexa9_0/include -MMD -MP -MF"src/xuartps_hello_world_example.d" -MT"src/xuartps_hello_world_example.o" -o "src/xuartps_hello_world_example.o" "../src/xuartps_hello_world_example.c"
'Finished building: ../src/xuartps_hello_world_example.c'
' '
'Building target: standalone_bsp_0_xuartps_hello_world_example_1.elf'
'Invoking: ARM v7 gcc linker'
arm-none-eabi-gcc -mcpu=cortex-a9 -mfpu=vfpv3 -mfloat-abi=hard -Wl,-build-id=none -specs=Xilinx.spec -Wl,-T -Wl,../src/lscript.ld -L../../standalone_bsp_0/ps7_cortexa9_0/lib -o "standalone_bsp_0_xuartps_hello_world_example_1.elf"  ./src/xuartps_hello_world_example.o   -Wl,--start-group,-lxil,-lgcc,-lc,--end-group
'Finished building target: standalone_bsp_0_xuartps_hello_world_example_1.elf'
' '
'Invoking: ARM v7 Print Size'
arm-none-eabi-size standalone_bsp_0_xuartps_hello_world_example_1.elf  |tee "standalone_bsp_0_xuartps_hello_world_example_1.elf.size"
   text	   data	    bss	    dec	    hex	filename
  31320	   1560	   9000	  41880	   a398	standalone_bsp_0_xuartps_hello_world_example_1.elf
'Finished building: standalone_bsp_0_xuartps_hello_world_example_1.elf.size'
' '
11:47:45 **** Incremental Build of configuration Debug for project standalone_bsp_0_xuartps_hello_world_example_1 ****
make pre-build main-build 
a9-linaro-pre-build-step
' '
make: Nothing to be done for 'main-build'.
11:48:13 **** Auto Build of configuration Debug for project standalone_bsp_0_xuartps_hello_world_example_1 ****
make pre-build main-build 
a9-linaro-pre-build-step
' '
'Building file: ../src/xuartps_hello_world_example.c'
'Invoking: ARM v7 gcc compiler'
arm-none-eabi-gcc -Wall -O0 -g3 -c -fmessage-length=0 -MT"src/xuartps_hello_world_example.o" -mcpu=cortex-a9 -mfpu=vfpv3 -mfloat-abi=hard -I../../standalone_bsp_0/ps7_cortexa9_0/include -MMD -MP -MF"src/xuartps_hello_world_example.d" -MT"src/xuartps_hello_world_example.o" -o "src/xuartps_hello_world_example.o" "../src/xuartps_hello_world_example.c"
../src/xuartps_hello_world_example.c: In function 'main':
../src/xuartps_hello_world_example.c:106:9: error: 'Status' undeclared (first use in this function); did you mean 'XStatus'?
  return Status;
         ^~~~~~
         XStatus
../src/xuartps_hello_world_example.c:106:9: note: each undeclared identifier is reported only once for each function it appears in
make: *** [src/subdir.mk:23: src/xuartps_hello_world_example.o] Error 1
11:48:15 **** Auto Build of configuration Debug for project standalone_bsp_0_xuartps_hello_world_example_1 ****
make pre-build main-build 
a9-linaro-pre-build-step
' '
'Building file: ../src/xuartps_hello_world_example.c'
'Invoking: ARM v7 gcc compiler'
arm-none-eabi-gcc -Wall -O0 -g3 -c -fmessage-length=0 -MT"src/xuartps_hello_world_example.o" -mcpu=cortex-a9 -mfpu=vfpv3 -mfloat-abi=hard -I../../standalone_bsp_0/ps7_cortexa9_0/include -MMD -MP -MF"src/xuartps_hello_world_example.d" -MT"src/xuartps_hello_world_example.o" -o "src/xuartps_hello_world_example.o" "../src/xuartps_hello_world_example.c"
../src/xuartps_hello_world_example.c: In function 'main':
../src/xuartps_hello_world_example.c:105:9: error: 'Status' undeclared (first use in this function); did you mean 'XStatus'?
  return Status;
         ^~~~~~
         XStatus
../src/xuartps_hello_world_example.c:105:9: note: each undeclared identifier is reported only once for each function it appears in
make: *** [src/subdir.mk:23: src/xuartps_hello_world_example.o] Error 1
11:48:21 **** Auto Build of configuration Debug for project standalone_bsp_0_xuartps_hello_world_example_1 ****
make pre-build main-build 
a9-linaro-pre-build-step
' '
'Building file: ../src/xuartps_hello_world_example.c'
'Invoking: ARM v7 gcc compiler'
arm-none-eabi-gcc -Wall -O0 -g3 -c -fmessage-length=0 -MT"src/xuartps_hello_world_example.o" -mcpu=cortex-a9 -mfpu=vfpv3 -mfloat-abi=hard -I../../standalone_bsp_0/ps7_cortexa9_0/include -MMD -MP -MF"src/xuartps_hello_world_example.d" -MT"src/xuartps_hello_world_example.o" -o "src/xuartps_hello_world_example.o" "../src/xuartps_hello_world_example.c"
../src/xuartps_hello_world_example.c: In function 'main':
../src/xuartps_hello_world_example.c:109:9: warning: 'Status' is used uninitialized in this function [-Wuninitialized]
  return Status;
         ^~~~~~
'Finished building: ../src/xuartps_hello_world_example.c'
' '
'Building target: standalone_bsp_0_xuartps_hello_world_example_1.elf'
'Invoking: ARM v7 gcc linker'
arm-none-eabi-gcc -mcpu=cortex-a9 -mfpu=vfpv3 -mfloat-abi=hard -Wl,-build-id=none -specs=Xilinx.spec -Wl,-T -Wl,../src/lscript.ld -L../../standalone_bsp_0/ps7_cortexa9_0/lib -o "standalone_bsp_0_xuartps_hello_world_example_1.elf"  ./src/xuartps_hello_world_example.o   -Wl,--start-group,-lxil,-lgcc,-lc,--end-group
'Finished building target: standalone_bsp_0_xuartps_hello_world_example_1.elf'
' '
'Invoking: ARM v7 Print Size'
arm-none-eabi-size standalone_bsp_0_xuartps_hello_world_example_1.elf  |tee "standalone_bsp_0_xuartps_hello_world_example_1.elf.size"
   text	   data	    bss	    dec	    hex	filename
  29340	   1544	   9000	  39884	   9bcc	standalone_bsp_0_xuartps_hello_world_example_1.elf
'Finished building: standalone_bsp_0_xuartps_hello_world_example_1.elf.size'
' '
11:48:22 **** Auto Build of configuration Debug for project standalone_bsp_0_xuartps_hello_world_example_1 ****
make pre-build main-build 
a9-linaro-pre-build-step
' '
'Building file: ../src/xuartps_hello_world_example.c'
'Invoking: ARM v7 gcc compiler'
arm-none-eabi-gcc -Wall -O0 -g3 -c -fmessage-length=0 -MT"src/xuartps_hello_world_example.o" -mcpu=cortex-a9 -mfpu=vfpv3 -mfloat-abi=hard -I../../standalone_bsp_0/ps7_cortexa9_0/include -MMD -MP -MF"src/xuartps_hello_world_example.d" -MT"src/xuartps_hello_world_example.o" -o "src/xuartps_hello_world_example.o" "../src/xuartps_hello_world_example.c"
../src/xuartps_hello_world_example.c: In function 'main':
../src/xuartps_hello_world_example.c:108:9: warning: 'Status' is used uninitialized in this function [-Wuninitialized]
  return Status;
         ^~~~~~
'Finished building: ../src/xuartps_hello_world_example.c'
' '
'Building target: standalone_bsp_0_xuartps_hello_world_example_1.elf'
'Invoking: ARM v7 gcc linker'
arm-none-eabi-gcc -mcpu=cortex-a9 -mfpu=vfpv3 -mfloat-abi=hard -Wl,-build-id=none -specs=Xilinx.spec -Wl,-T -Wl,../src/lscript.ld -L../../standalone_bsp_0/ps7_cortexa9_0/lib -o "standalone_bsp_0_xuartps_hello_world_example_1.elf"  ./src/xuartps_hello_world_example.o   -Wl,--start-group,-lxil,-lgcc,-lc,--end-group
'Finished building target: standalone_bsp_0_xuartps_hello_world_example_1.elf'
' '
'Invoking: ARM v7 Print Size'
arm-none-eabi-size standalone_bsp_0_xuartps_hello_world_example_1.elf  |tee "standalone_bsp_0_xuartps_hello_world_example_1.elf.size"
   text	   data	    bss	    dec	    hex	filename
  29340	   1544	   9000	  39884	   9bcc	standalone_bsp_0_xuartps_hello_world_example_1.elf
'Finished building: standalone_bsp_0_xuartps_hello_world_example_1.elf.size'
' '
11:48:29 **** Auto Build of configuration Debug for project standalone_bsp_0_xuartps_hello_world_example_1 ****
make pre-build main-build 
a9-linaro-pre-build-step
' '
'Building file: ../src/xuartps_hello_world_example.c'
'Invoking: ARM v7 gcc compiler'
arm-none-eabi-gcc -Wall -O0 -g3 -c -fmessage-length=0 -MT"src/xuartps_hello_world_example.o" -mcpu=cortex-a9 -mfpu=vfpv3 -mfloat-abi=hard -I../../standalone_bsp_0/ps7_cortexa9_0/include -MMD -MP -MF"src/xuartps_hello_world_example.d" -MT"src/xuartps_hello_world_example.o" -o "src/xuartps_hello_world_example.o" "../src/xuartps_hello_world_example.c"
../src/xuartps_hello_world_example.c: In function 'main':
../src/xuartps_hello_world_example.c:108:9: warning: 'Status' is used uninitialized in this function [-Wuninitialized]
  return Status;
         ^~~~~~
'Finished building: ../src/xuartps_hello_world_example.c'
' '
'Building target: standalone_bsp_0_xuartps_hello_world_example_1.elf'
'Invoking: ARM v7 gcc linker'
arm-none-eabi-gcc -mcpu=cortex-a9 -mfpu=vfpv3 -mfloat-abi=hard -Wl,-build-id=none -specs=Xilinx.spec -Wl,-T -Wl,../src/lscript.ld -L../../standalone_bsp_0/ps7_cortexa9_0/lib -o "standalone_bsp_0_xuartps_hello_world_example_1.elf"  ./src/xuartps_hello_world_example.o   -Wl,--start-group,-lxil,-lgcc,-lc,--end-group
'Finished building target: standalone_bsp_0_xuartps_hello_world_example_1.elf'
' '
'Invoking: ARM v7 Print Size'
arm-none-eabi-size standalone_bsp_0_xuartps_hello_world_example_1.elf  |tee "standalone_bsp_0_xuartps_hello_world_example_1.elf.size"
   text	   data	    bss	    dec	    hex	filename
  29340	   1544	   9000	  39884	   9bcc	standalone_bsp_0_xuartps_hello_world_example_1.elf
'Finished building: standalone_bsp_0_xuartps_hello_world_example_1.elf.size'
' '
11:48:37 **** Auto Build of configuration Debug for project standalone_bsp_0_xuartps_hello_world_example_1 ****
make pre-build main-build 
a9-linaro-pre-build-step
' '
'Building file: ../src/xuartps_hello_world_example.c'
'Invoking: ARM v7 gcc compiler'
arm-none-eabi-gcc -Wall -O0 -g3 -c -fmessage-length=0 -MT"src/xuartps_hello_world_example.o" -mcpu=cortex-a9 -mfpu=vfpv3 -mfloat-abi=hard -I../../standalone_bsp_0/ps7_cortexa9_0/include -MMD -MP -MF"src/xuartps_hello_world_example.d" -MT"src/xuartps_hello_world_example.o" -o "src/xuartps_hello_world_example.o" "../src/xuartps_hello_world_example.c"
../src/xuartps_hello_world_example.c: In function 'main':
../src/xuartps_hello_world_example.c:108:9: warning: 'Status' is used uninitialized in this function [-Wuninitialized]
  return Status;
         ^~~~~~
'Finished building: ../src/xuartps_hello_world_example.c'
' '
'Building target: standalone_bsp_0_xuartps_hello_world_example_1.elf'
'Invoking: ARM v7 gcc linker'
arm-none-eabi-gcc -mcpu=cortex-a9 -mfpu=vfpv3 -mfloat-abi=hard -Wl,-build-id=none -specs=Xilinx.spec -Wl,-T -Wl,../src/lscript.ld -L../../standalone_bsp_0/ps7_cortexa9_0/lib -o "standalone_bsp_0_xuartps_hello_world_example_1.elf"  ./src/xuartps_hello_world_example.o   -Wl,--start-group,-lxil,-lgcc,-lc,--end-group
'Finished building target: standalone_bsp_0_xuartps_hello_world_example_1.elf'
' '
'Invoking: ARM v7 Print Size'
arm-none-eabi-size standalone_bsp_0_xuartps_hello_world_example_1.elf  |tee "standalone_bsp_0_xuartps_hello_world_example_1.elf.size"
   text	   data	    bss	    dec	    hex	filename
  29340	   1544	   9000	  39884	   9bcc	standalone_bsp_0_xuartps_hello_world_example_1.elf
'Finished building: standalone_bsp_0_xuartps_hello_world_example_1.elf.size'
' '
11:48:44 **** Auto Build of configuration Debug for project standalone_bsp_0_xuartps_hello_world_example_1 ****
make pre-build main-build 
a9-linaro-pre-build-step
' '
'Building file: ../src/xuartps_hello_world_example.c'
'Invoking: ARM v7 gcc compiler'
arm-none-eabi-gcc -Wall -O0 -g3 -c -fmessage-length=0 -MT"src/xuartps_hello_world_example.o" -mcpu=cortex-a9 -mfpu=vfpv3 -mfloat-abi=hard -I../../standalone_bsp_0/ps7_cortexa9_0/include -MMD -MP -MF"src/xuartps_hello_world_example.d" -MT"src/xuartps_hello_world_example.o" -o "src/xuartps_hello_world_example.o" "../src/xuartps_hello_world_example.c"
../src/xuartps_hello_world_example.c: In function 'main':
../src/xuartps_hello_world_example.c:108:9: warning: 'Status' is used uninitialized in this function [-Wuninitialized]
  return Status;
         ^~~~~~
'Finished building: ../src/xuartps_hello_world_example.c'
' '
'Building target: standalone_bsp_0_xuartps_hello_world_example_1.elf'
'Invoking: ARM v7 gcc linker'
arm-none-eabi-gcc -mcpu=cortex-a9 -mfpu=vfpv3 -mfloat-abi=hard -Wl,-build-id=none -specs=Xilinx.spec -Wl,-T -Wl,../src/lscript.ld -L../../standalone_bsp_0/ps7_cortexa9_0/lib -o "standalone_bsp_0_xuartps_hello_world_example_1.elf"  ./src/xuartps_hello_world_example.o   -Wl,--start-group,-lxil,-lgcc,-lc,--end-group
'Finished building target: standalone_bsp_0_xuartps_hello_world_example_1.elf'
' '
'Invoking: ARM v7 Print Size'
arm-none-eabi-size standalone_bsp_0_xuartps_hello_world_example_1.elf  |tee "standalone_bsp_0_xuartps_hello_world_example_1.elf.size"
   text	   data	    bss	    dec	    hex	filename
  29340	   1544	   9000	  39884	   9bcc	standalone_bsp_0_xuartps_hello_world_example_1.elf
'Finished building: standalone_bsp_0_xuartps_hello_world_example_1.elf.size'
' '
11:50:10 **** Auto Build of configuration Debug for project standalone_bsp_0_xuartps_hello_world_example_1 ****
make pre-build main-build 
a9-linaro-pre-build-step
' '
'Building file: ../src/xuartps_hello_world_example.c'
'Invoking: ARM v7 gcc compiler'
arm-none-eabi-gcc -Wall -O0 -g3 -c -fmessage-length=0 -MT"src/xuartps_hello_world_example.o" -mcpu=cortex-a9 -mfpu=vfpv3 -mfloat-abi=hard -I../../standalone_bsp_0/ps7_cortexa9_0/include -MMD -MP -MF"src/xuartps_hello_world_example.d" -MT"src/xuartps_hello_world_example.o" -o "src/xuartps_hello_world_example.o" "../src/xuartps_hello_world_example.c"
../src/xuartps_hello_world_example.c: In function 'ov7670_ReadReg':
../src/xuartps_hello_world_example.c:81:2: error: 'write_data' undeclared (first use in this function)
  write_data[0] = Reg;
  ^~~~~~~~~~
../src/xuartps_hello_world_example.c:81:2: note: each undeclared identifier is reported only once for each function it appears in
../src/xuartps_hello_world_example.c:82:2: error: 'ByteCount' undeclared (first use in this function)
  ByteCount = XIic_Send(IIC_BASE_ADDRESS, i2c_device_addr, (u8*)&write_data, 1, XIIC_REPEATED_START);
  ^~~~~~~~~
../src/xuartps_hello_world_example.c:82:42: error: 'i2c_device_addr' undeclared (first use in this function)
  ByteCount = XIic_Send(IIC_BASE_ADDRESS, i2c_device_addr, (u8*)&write_data, 1, XIIC_REPEATED_START);
                                          ^~~~~~~~~~~~~~~
../src/xuartps_hello_world_example.c:85:1: warning: control reaches end of non-void function [-Wreturn-type]
 }
 ^
make: *** [src/subdir.mk:23: src/xuartps_hello_world_example.o] Error 1
11:51:20 **** Auto Build of configuration Debug for project standalone_bsp_0_xuartps_hello_world_example_1 ****
make pre-build main-build 
a9-linaro-pre-build-step
' '
'Building file: ../src/xuartps_hello_world_example.c'
'Invoking: ARM v7 gcc compiler'
arm-none-eabi-gcc -Wall -O0 -g3 -c -fmessage-length=0 -MT"src/xuartps_hello_world_example.o" -mcpu=cortex-a9 -mfpu=vfpv3 -mfloat-abi=hard -I../../standalone_bsp_0/ps7_cortexa9_0/include -MMD -MP -MF"src/xuartps_hello_world_example.d" -MT"src/xuartps_hello_world_example.o" -o "src/xuartps_hello_world_example.o" "../src/xuartps_hello_world_example.c"
../src/xuartps_hello_world_example.c:79:22: error: 'MINIZED_MOTION_SENSOR_ADDRESS_SA0_HI' undeclared here (not in a function)
 u8 i2c_device_addr = MINIZED_MOTION_SENSOR_ADDRESS_SA0_HI; //by default
                      ^~~~~~~~~~~~~~~~~~~~~~~~~~~~~~~~~~~~
make: *** [src/subdir.mk:23: src/xuartps_hello_world_example.o] Error 1
11:57:18 **** Auto Build of configuration Debug for project standalone_bsp_0_xuartps_hello_world_example_1 ****
make pre-build main-build 
a9-linaro-pre-build-step
' '
'Building file: ../src/xuartps_hello_world_example.c'
'Invoking: ARM v7 gcc compiler'
arm-none-eabi-gcc -Wall -O0 -g3 -c -fmessage-length=0 -MT"src/xuartps_hello_world_example.o" -mcpu=cortex-a9 -mfpu=vfpv3 -mfloat-abi=hard -I../../standalone_bsp_0/ps7_cortexa9_0/include -MMD -MP -MF"src/xuartps_hello_world_example.d" -MT"src/xuartps_hello_world_example.o" -o "src/xuartps_hello_world_example.o" "../src/xuartps_hello_world_example.c"
../src/xuartps_hello_world_example.c: In function 'ov7670_ReadReg':
../src/xuartps_hello_world_example.c:87:42: error: 'i2c_device_addr' undeclared (first use in this function)
  ByteCount = XIic_Send(IIC_BASE_ADDRESS, i2c_device_addr, (u8*)&write_data, 1, XIIC_REPEATED_START);
                                          ^~~~~~~~~~~~~~~
../src/xuartps_hello_world_example.c:87:42: note: each undeclared identifier is reported only once for each function it appears in
make: *** [src/subdir.mk:23: src/xuartps_hello_world_example.o] Error 1
11:57:22 **** Auto Build of configuration Debug for project standalone_bsp_0_xuartps_hello_world_example_1 ****
make pre-build main-build 
a9-linaro-pre-build-step
' '
'Building file: ../src/xuartps_hello_world_example.c'
'Invoking: ARM v7 gcc compiler'
arm-none-eabi-gcc -Wall -O0 -g3 -c -fmessage-length=0 -MT"src/xuartps_hello_world_example.o" -mcpu=cortex-a9 -mfpu=vfpv3 -mfloat-abi=hard -I../../standalone_bsp_0/ps7_cortexa9_0/include -MMD -MP -MF"src/xuartps_hello_world_example.d" -MT"src/xuartps_hello_world_example.o" -o "src/xuartps_hello_world_example.o" "../src/xuartps_hello_world_example.c"
../src/xuartps_hello_world_example.c: In function 'main':
../src/xuartps_hello_world_example.c:113:9: warning: 'Status' is used uninitialized in this function [-Wuninitialized]
  return Status;
         ^~~~~~
'Finished building: ../src/xuartps_hello_world_example.c'
' '
'Building target: standalone_bsp_0_xuartps_hello_world_example_1.elf'
'Invoking: ARM v7 gcc linker'
arm-none-eabi-gcc -mcpu=cortex-a9 -mfpu=vfpv3 -mfloat-abi=hard -Wl,-build-id=none -specs=Xilinx.spec -Wl,-T -Wl,../src/lscript.ld -L../../standalone_bsp_0/ps7_cortexa9_0/lib -o "standalone_bsp_0_xuartps_hello_world_example_1.elf"  ./src/xuartps_hello_world_example.o   -Wl,--start-group,-lxil,-lgcc,-lc,--end-group
'Finished building target: standalone_bsp_0_xuartps_hello_world_example_1.elf'
' '
'Invoking: ARM v7 Print Size'
arm-none-eabi-size standalone_bsp_0_xuartps_hello_world_example_1.elf  |tee "standalone_bsp_0_xuartps_hello_world_example_1.elf.size"
   text	   data	    bss	    dec	    hex	filename
  31196	   1544	   9448	  42188	   a4cc	standalone_bsp_0_xuartps_hello_world_example_1.elf
'Finished building: standalone_bsp_0_xuartps_hello_world_example_1.elf.size'
' '
12:06:56 **** Auto Build of configuration Debug for project standalone_bsp_0_xuartps_hello_world_example_1 ****
make pre-build main-build 
a9-linaro-pre-build-step
' '
'Building file: ../src/xuartps_hello_world_example.c'
'Invoking: ARM v7 gcc compiler'
arm-none-eabi-gcc -Wall -O0 -g3 -c -fmessage-length=0 -MT"src/xuartps_hello_world_example.o" -mcpu=cortex-a9 -mfpu=vfpv3 -mfloat-abi=hard -I../../standalone_bsp_0/ps7_cortexa9_0/include -MMD -MP -MF"src/xuartps_hello_world_example.d" -MT"src/xuartps_hello_world_example.o" -o "src/xuartps_hello_world_example.o" "../src/xuartps_hello_world_example.c"
../src/xuartps_hello_world_example.c: In function 'main':
../src/xuartps_hello_world_example.c:113:9: warning: 'Status' is used uninitialized in this function [-Wuninitialized]
  return Status;
         ^~~~~~
'Finished building: ../src/xuartps_hello_world_example.c'
' '
'Building target: standalone_bsp_0_xuartps_hello_world_example_1.elf'
'Invoking: ARM v7 gcc linker'
arm-none-eabi-gcc -mcpu=cortex-a9 -mfpu=vfpv3 -mfloat-abi=hard -Wl,-build-id=none -specs=Xilinx.spec -Wl,-T -Wl,../src/lscript.ld -L../../standalone_bsp_0/ps7_cortexa9_0/lib -o "standalone_bsp_0_xuartps_hello_world_example_1.elf"  ./src/xuartps_hello_world_example.o   -Wl,--start-group,-lxil,-lgcc,-lc,--end-group
'Finished building target: standalone_bsp_0_xuartps_hello_world_example_1.elf'
' '
'Invoking: ARM v7 Print Size'
arm-none-eabi-size standalone_bsp_0_xuartps_hello_world_example_1.elf  |tee "standalone_bsp_0_xuartps_hello_world_example_1.elf.size"
   text	   data	    bss	    dec	    hex	filename
  31196	   1544	   9448	  42188	   a4cc	standalone_bsp_0_xuartps_hello_world_example_1.elf
'Finished building: standalone_bsp_0_xuartps_hello_world_example_1.elf.size'
' '
12:10:04 **** Auto Build of configuration Debug for project standalone_bsp_0_xuartps_hello_world_example_1 ****
make pre-build main-build 
a9-linaro-pre-build-step
' '
'Building file: ../src/xuartps_hello_world_example.c'
'Invoking: ARM v7 gcc compiler'
arm-none-eabi-gcc -Wall -O0 -g3 -c -fmessage-length=0 -MT"src/xuartps_hello_world_example.o" -mcpu=cortex-a9 -mfpu=vfpv3 -mfloat-abi=hard -I../../standalone_bsp_0/ps7_cortexa9_0/include -MMD -MP -MF"src/xuartps_hello_world_example.d" -MT"src/xuartps_hello_world_example.o" -o "src/xuartps_hello_world_example.o" "../src/xuartps_hello_world_example.c"
../src/xuartps_hello_world_example.c: In function 'main':
../src/xuartps_hello_world_example.c:113:9: warning: 'Status' is used uninitialized in this function [-Wuninitialized]
  return Status;
         ^~~~~~
'Finished building: ../src/xuartps_hello_world_example.c'
' '
'Building target: standalone_bsp_0_xuartps_hello_world_example_1.elf'
'Invoking: ARM v7 gcc linker'
arm-none-eabi-gcc -mcpu=cortex-a9 -mfpu=vfpv3 -mfloat-abi=hard -Wl,-build-id=none -specs=Xilinx.spec -Wl,-T -Wl,../src/lscript.ld -L../../standalone_bsp_0/ps7_cortexa9_0/lib -o "standalone_bsp_0_xuartps_hello_world_example_1.elf"  ./src/xuartps_hello_world_example.o   -Wl,--start-group,-lxil,-lgcc,-lc,--end-group
'Finished building target: standalone_bsp_0_xuartps_hello_world_example_1.elf'
' '
'Invoking: ARM v7 Print Size'
arm-none-eabi-size standalone_bsp_0_xuartps_hello_world_example_1.elf  |tee "standalone_bsp_0_xuartps_hello_world_example_1.elf.size"
   text	   data	    bss	    dec	    hex	filename
  31196	   1544	   9448	  42188	   a4cc	standalone_bsp_0_xuartps_hello_world_example_1.elf
'Finished building: standalone_bsp_0_xuartps_hello_world_example_1.elf.size'
' '
12:10:06 **** Auto Build of configuration Debug for project standalone_bsp_0_xuartps_hello_world_example_1 ****
make pre-build main-build 
a9-linaro-pre-build-step
' '
'Building file: ../src/xuartps_hello_world_example.c'
'Invoking: ARM v7 gcc compiler'
arm-none-eabi-gcc -Wall -O0 -g3 -c -fmessage-length=0 -MT"src/xuartps_hello_world_example.o" -mcpu=cortex-a9 -mfpu=vfpv3 -mfloat-abi=hard -I../../standalone_bsp_0/ps7_cortexa9_0/include -MMD -MP -MF"src/xuartps_hello_world_example.d" -MT"src/xuartps_hello_world_example.o" -o "src/xuartps_hello_world_example.o" "../src/xuartps_hello_world_example.c"
'Finished building: ../src/xuartps_hello_world_example.c'
' '
'Building target: standalone_bsp_0_xuartps_hello_world_example_1.elf'
'Invoking: ARM v7 gcc linker'
arm-none-eabi-gcc -mcpu=cortex-a9 -mfpu=vfpv3 -mfloat-abi=hard -Wl,-build-id=none -specs=Xilinx.spec -Wl,-T -Wl,../src/lscript.ld -L../../standalone_bsp_0/ps7_cortexa9_0/lib -o "standalone_bsp_0_xuartps_hello_world_example_1.elf"  ./src/xuartps_hello_world_example.o   -Wl,--start-group,-lxil,-lgcc,-lc,--end-group
'Finished building target: standalone_bsp_0_xuartps_hello_world_example_1.elf'
' '
'Invoking: ARM v7 Print Size'
arm-none-eabi-size standalone_bsp_0_xuartps_hello_world_example_1.elf  |tee "standalone_bsp_0_xuartps_hello_world_example_1.elf.size"
   text	   data	    bss	    dec	    hex	filename
  31196	   1544	   9448	  42188	   a4cc	standalone_bsp_0_xuartps_hello_world_example_1.elf
'Finished building: standalone_bsp_0_xuartps_hello_world_example_1.elf.size'
' '
12:10:34 **** Auto Build of configuration Debug for project standalone_bsp_0_xuartps_hello_world_example_1 ****
make pre-build main-build 
a9-linaro-pre-build-step
' '
'Building file: ../src/xuartps_hello_world_example.c'
'Invoking: ARM v7 gcc compiler'
arm-none-eabi-gcc -Wall -O0 -g3 -c -fmessage-length=0 -MT"src/xuartps_hello_world_example.o" -mcpu=cortex-a9 -mfpu=vfpv3 -mfloat-abi=hard -I../../standalone_bsp_0/ps7_cortexa9_0/include -MMD -MP -MF"src/xuartps_hello_world_example.d" -MT"src/xuartps_hello_world_example.o" -o "src/xuartps_hello_world_example.o" "../src/xuartps_hello_world_example.c"
../src/xuartps_hello_world_example.c: In function 'main':
../src/xuartps_hello_world_example.c:109:5: warning: unused variable 'regInfo' [-Wunused-variable]
  u8 regInfo = 0;
     ^~~~~~~
'Finished building: ../src/xuartps_hello_world_example.c'
' '
'Building target: standalone_bsp_0_xuartps_hello_world_example_1.elf'
'Invoking: ARM v7 gcc linker'
arm-none-eabi-gcc -mcpu=cortex-a9 -mfpu=vfpv3 -mfloat-abi=hard -Wl,-build-id=none -specs=Xilinx.spec -Wl,-T -Wl,../src/lscript.ld -L../../standalone_bsp_0/ps7_cortexa9_0/lib -o "standalone_bsp_0_xuartps_hello_world_example_1.elf"  ./src/xuartps_hello_world_example.o   -Wl,--start-group,-lxil,-lgcc,-lc,--end-group
'Finished building target: standalone_bsp_0_xuartps_hello_world_example_1.elf'
' '
'Invoking: ARM v7 Print Size'
arm-none-eabi-size standalone_bsp_0_xuartps_hello_world_example_1.elf  |tee "standalone_bsp_0_xuartps_hello_world_example_1.elf.size"
   text	   data	    bss	    dec	    hex	filename
  31196	   1544	   9448	  42188	   a4cc	standalone_bsp_0_xuartps_hello_world_example_1.elf
'Finished building: standalone_bsp_0_xuartps_hello_world_example_1.elf.size'
' '
12:12:10 **** Auto Build of configuration Debug for project standalone_bsp_0_xuartps_hello_world_example_1 ****
make pre-build main-build 
a9-linaro-pre-build-step
' '
'Building file: ../src/xuartps_hello_world_example.c'
'Invoking: ARM v7 gcc compiler'
arm-none-eabi-gcc -Wall -O0 -g3 -c -fmessage-length=0 -MT"src/xuartps_hello_world_example.o" -mcpu=cortex-a9 -mfpu=vfpv3 -mfloat-abi=hard -I../../standalone_bsp_0/ps7_cortexa9_0/include -MMD -MP -MF"src/xuartps_hello_world_example.d" -MT"src/xuartps_hello_world_example.o" -o "src/xuartps_hello_world_example.o" "../src/xuartps_hello_world_example.c"
'Finished building: ../src/xuartps_hello_world_example.c'
' '
'Building target: standalone_bsp_0_xuartps_hello_world_example_1.elf'
'Invoking: ARM v7 gcc linker'
arm-none-eabi-gcc -mcpu=cortex-a9 -mfpu=vfpv3 -mfloat-abi=hard -Wl,-build-id=none -specs=Xilinx.spec -Wl,-T -Wl,../src/lscript.ld -L../../standalone_bsp_0/ps7_cortexa9_0/lib -o "standalone_bsp_0_xuartps_hello_world_example_1.elf"  ./src/xuartps_hello_world_example.o   -Wl,--start-group,-lxil,-lgcc,-lc,--end-group
'Finished building target: standalone_bsp_0_xuartps_hello_world_example_1.elf'
' '
'Invoking: ARM v7 Print Size'
arm-none-eabi-size standalone_bsp_0_xuartps_hello_world_example_1.elf  |tee "standalone_bsp_0_xuartps_hello_world_example_1.elf.size"
   text	   data	    bss	    dec	    hex	filename
  31240	   1544	   9448	  42232	   a4f8	standalone_bsp_0_xuartps_hello_world_example_1.elf
'Finished building: standalone_bsp_0_xuartps_hello_world_example_1.elf.size'
' '
12:12:14 **** Incremental Build of configuration Debug for project standalone_bsp_0_xuartps_hello_world_example_1 ****
make pre-build main-build 
a9-linaro-pre-build-step
' '
make: Nothing to be done for 'main-build'.
12:12:31 **** Auto Build of configuration Debug for project standalone_bsp_0_xuartps_hello_world_example_1 ****
make pre-build main-build 
a9-linaro-pre-build-step
' '
'Building file: ../src/xuartps_hello_world_example.c'
'Invoking: ARM v7 gcc compiler'
arm-none-eabi-gcc -Wall -O0 -g3 -c -fmessage-length=0 -MT"src/xuartps_hello_world_example.o" -mcpu=cortex-a9 -mfpu=vfpv3 -mfloat-abi=hard -I../../standalone_bsp_0/ps7_cortexa9_0/include -MMD -MP -MF"src/xuartps_hello_world_example.d" -MT"src/xuartps_hello_world_example.o" -o "src/xuartps_hello_world_example.o" "../src/xuartps_hello_world_example.c"
'Finished building: ../src/xuartps_hello_world_example.c'
' '
'Building target: standalone_bsp_0_xuartps_hello_world_example_1.elf'
'Invoking: ARM v7 gcc linker'
arm-none-eabi-gcc -mcpu=cortex-a9 -mfpu=vfpv3 -mfloat-abi=hard -Wl,-build-id=none -specs=Xilinx.spec -Wl,-T -Wl,../src/lscript.ld -L../../standalone_bsp_0/ps7_cortexa9_0/lib -o "standalone_bsp_0_xuartps_hello_world_example_1.elf"  ./src/xuartps_hello_world_example.o   -Wl,--start-group,-lxil,-lgcc,-lc,--end-group
'Finished building target: standalone_bsp_0_xuartps_hello_world_example_1.elf'
' '
'Invoking: ARM v7 Print Size'
arm-none-eabi-size standalone_bsp_0_xuartps_hello_world_example_1.elf  |tee "standalone_bsp_0_xuartps_hello_world_example_1.elf.size"
   text	   data	    bss	    dec	    hex	filename
  31240	   1544	   9448	  42232	   a4f8	standalone_bsp_0_xuartps_hello_world_example_1.elf
'Finished building: standalone_bsp_0_xuartps_hello_world_example_1.elf.size'
' '
12:12:52 **** Auto Build of configuration Debug for project standalone_bsp_0_xuartps_hello_world_example_1 ****
make pre-build main-build 
a9-linaro-pre-build-step
' '
'Building file: ../src/xuartps_hello_world_example.c'
'Invoking: ARM v7 gcc compiler'
arm-none-eabi-gcc -Wall -O0 -g3 -c -fmessage-length=0 -MT"src/xuartps_hello_world_example.o" -mcpu=cortex-a9 -mfpu=vfpv3 -mfloat-abi=hard -I../../standalone_bsp_0/ps7_cortexa9_0/include -MMD -MP -MF"src/xuartps_hello_world_example.d" -MT"src/xuartps_hello_world_example.o" -o "src/xuartps_hello_world_example.o" "../src/xuartps_hello_world_example.c"
'Finished building: ../src/xuartps_hello_world_example.c'
' '
'Building target: standalone_bsp_0_xuartps_hello_world_example_1.elf'
'Invoking: ARM v7 gcc linker'
arm-none-eabi-gcc -mcpu=cortex-a9 -mfpu=vfpv3 -mfloat-abi=hard -Wl,-build-id=none -specs=Xilinx.spec -Wl,-T -Wl,../src/lscript.ld -L../../standalone_bsp_0/ps7_cortexa9_0/lib -o "standalone_bsp_0_xuartps_hello_world_example_1.elf"  ./src/xuartps_hello_world_example.o   -Wl,--start-group,-lxil,-lgcc,-lc,--end-group
'Finished building target: standalone_bsp_0_xuartps_hello_world_example_1.elf'
' '
'Invoking: ARM v7 Print Size'
arm-none-eabi-size standalone_bsp_0_xuartps_hello_world_example_1.elf  |tee "standalone_bsp_0_xuartps_hello_world_example_1.elf.size"
   text	   data	    bss	    dec	    hex	filename
  31240	   1544	   9448	  42232	   a4f8	standalone_bsp_0_xuartps_hello_world_example_1.elf
'Finished building: standalone_bsp_0_xuartps_hello_world_example_1.elf.size'
' '
12:12:55 **** Incremental Build of configuration Debug for project standalone_bsp_0_xuartps_hello_world_example_1 ****
make pre-build main-build 
a9-linaro-pre-build-step
' '
make: Nothing to be done for 'main-build'.
12:13:10 **** Auto Build of configuration Debug for project standalone_bsp_0_xuartps_hello_world_example_1 ****
make pre-build main-build 
a9-linaro-pre-build-step
' '
'Building file: ../src/xuartps_hello_world_example.c'
'Invoking: ARM v7 gcc compiler'
arm-none-eabi-gcc -Wall -O0 -g3 -c -fmessage-length=0 -MT"src/xuartps_hello_world_example.o" -mcpu=cortex-a9 -mfpu=vfpv3 -mfloat-abi=hard -I../../standalone_bsp_0/ps7_cortexa9_0/include -MMD -MP -MF"src/xuartps_hello_world_example.d" -MT"src/xuartps_hello_world_example.o" -o "src/xuartps_hello_world_example.o" "../src/xuartps_hello_world_example.c"
'Finished building: ../src/xuartps_hello_world_example.c'
' '
'Building target: standalone_bsp_0_xuartps_hello_world_example_1.elf'
'Invoking: ARM v7 gcc linker'
arm-none-eabi-gcc -mcpu=cortex-a9 -mfpu=vfpv3 -mfloat-abi=hard -Wl,-build-id=none -specs=Xilinx.spec -Wl,-T -Wl,../src/lscript.ld -L../../standalone_bsp_0/ps7_cortexa9_0/lib -o "standalone_bsp_0_xuartps_hello_world_example_1.elf"  ./src/xuartps_hello_world_example.o   -Wl,--start-group,-lxil,-lgcc,-lc,--end-group
'Finished building target: standalone_bsp_0_xuartps_hello_world_example_1.elf'
' '
'Invoking: ARM v7 Print Size'
arm-none-eabi-size standalone_bsp_0_xuartps_hello_world_example_1.elf  |tee "standalone_bsp_0_xuartps_hello_world_example_1.elf.size"
   text	   data	    bss	    dec	    hex	filename
  31240	   1544	   9448	  42232	   a4f8	standalone_bsp_0_xuartps_hello_world_example_1.elf
'Finished building: standalone_bsp_0_xuartps_hello_world_example_1.elf.size'
' '
12:14:37 **** Auto Build of configuration Debug for project standalone_bsp_0_xuartps_hello_world_example_1 ****
make pre-build main-build 
a9-linaro-pre-build-step
' '
'Building file: ../src/xuartps_hello_world_example.c'
'Invoking: ARM v7 gcc compiler'
arm-none-eabi-gcc -Wall -O0 -g3 -c -fmessage-length=0 -MT"src/xuartps_hello_world_example.o" -mcpu=cortex-a9 -mfpu=vfpv3 -mfloat-abi=hard -I../../standalone_bsp_0/ps7_cortexa9_0/include -MMD -MP -MF"src/xuartps_hello_world_example.d" -MT"src/xuartps_hello_world_example.o" -o "src/xuartps_hello_world_example.o" "../src/xuartps_hello_world_example.c"
'Finished building: ../src/xuartps_hello_world_example.c'
' '
'Building target: standalone_bsp_0_xuartps_hello_world_example_1.elf'
'Invoking: ARM v7 gcc linker'
arm-none-eabi-gcc -mcpu=cortex-a9 -mfpu=vfpv3 -mfloat-abi=hard -Wl,-build-id=none -specs=Xilinx.spec -Wl,-T -Wl,../src/lscript.ld -L../../standalone_bsp_0/ps7_cortexa9_0/lib -o "standalone_bsp_0_xuartps_hello_world_example_1.elf"  ./src/xuartps_hello_world_example.o   -Wl,--start-group,-lxil,-lgcc,-lc,--end-group
'Finished building target: standalone_bsp_0_xuartps_hello_world_example_1.elf'
' '
'Invoking: ARM v7 Print Size'
arm-none-eabi-size standalone_bsp_0_xuartps_hello_world_example_1.elf  |tee "standalone_bsp_0_xuartps_hello_world_example_1.elf.size"
   text	   data	    bss	    dec	    hex	filename
  31240	   1544	   9448	  42232	   a4f8	standalone_bsp_0_xuartps_hello_world_example_1.elf
'Finished building: standalone_bsp_0_xuartps_hello_world_example_1.elf.size'
' '
12:14:40 **** Incremental Build of configuration Debug for project standalone_bsp_0_xuartps_hello_world_example_1 ****
make pre-build main-build 
a9-linaro-pre-build-step
' '
make: Nothing to be done for 'main-build'.
12:21:00 **** Auto Build of configuration Debug for project standalone_bsp_0_xuartps_hello_world_example_1 ****
make pre-build main-build 
a9-linaro-pre-build-step
' '
'Building file: ../src/xuartps_hello_world_example.c'
'Invoking: ARM v7 gcc compiler'
arm-none-eabi-gcc -Wall -O0 -g3 -c -fmessage-length=0 -MT"src/xuartps_hello_world_example.o" -mcpu=cortex-a9 -mfpu=vfpv3 -mfloat-abi=hard -I../../standalone_bsp_0/ps7_cortexa9_0/include -MMD -MP -MF"src/xuartps_hello_world_example.d" -MT"src/xuartps_hello_world_example.o" -o "src/xuartps_hello_world_example.o" "../src/xuartps_hello_world_example.c"
'Finished building: ../src/xuartps_hello_world_example.c'
' '
'Building target: standalone_bsp_0_xuartps_hello_world_example_1.elf'
'Invoking: ARM v7 gcc linker'
arm-none-eabi-gcc -mcpu=cortex-a9 -mfpu=vfpv3 -mfloat-abi=hard -Wl,-build-id=none -specs=Xilinx.spec -Wl,-T -Wl,../src/lscript.ld -L../../standalone_bsp_0/ps7_cortexa9_0/lib -o "standalone_bsp_0_xuartps_hello_world_example_1.elf"  ./src/xuartps_hello_world_example.o   -Wl,--start-group,-lxil,-lgcc,-lc,--end-group
'Finished building target: standalone_bsp_0_xuartps_hello_world_example_1.elf'
' '
'Invoking: ARM v7 Print Size'
arm-none-eabi-size standalone_bsp_0_xuartps_hello_world_example_1.elf  |tee "standalone_bsp_0_xuartps_hello_world_example_1.elf.size"
   text	   data	    bss	    dec	    hex	filename
  31432	   1544	   9448	  42424	   a5b8	standalone_bsp_0_xuartps_hello_world_example_1.elf
'Finished building: standalone_bsp_0_xuartps_hello_world_example_1.elf.size'
' '
12:21:21 **** Auto Build of configuration Debug for project standalone_bsp_0_xuartps_hello_world_example_1 ****
make pre-build main-build 
a9-linaro-pre-build-step
' '
'Building file: ../src/xuartps_hello_world_example.c'
'Invoking: ARM v7 gcc compiler'
arm-none-eabi-gcc -Wall -O0 -g3 -c -fmessage-length=0 -MT"src/xuartps_hello_world_example.o" -mcpu=cortex-a9 -mfpu=vfpv3 -mfloat-abi=hard -I../../standalone_bsp_0/ps7_cortexa9_0/include -MMD -MP -MF"src/xuartps_hello_world_example.d" -MT"src/xuartps_hello_world_example.o" -o "src/xuartps_hello_world_example.o" "../src/xuartps_hello_world_example.c"
../src/xuartps_hello_world_example.c: In function 'main':
../src/xuartps_hello_world_example.c:123:41: warning: passing argument 2 of 'Ov7670_WriteReg' makes pointer from integer without a cast [-Wint-conversion]
  Ov7670_WriteReg(OV7670_SLAVE_RESET_REG,0x1,1);
                                         ^~~
../src/xuartps_hello_world_example.c:98:47: note: expected 'uint8_t *' {aka 'unsigned char *'} but argument is of type 'int'
 uint8_t Ov7670_WriteReg(uint8_t Reg, uint8_t *BufData, uint16_t len){
                                      ~~~~~~~~~^~~~~~~
'Finished building: ../src/xuartps_hello_world_example.c'
' '
'Building target: standalone_bsp_0_xuartps_hello_world_example_1.elf'
'Invoking: ARM v7 gcc linker'
arm-none-eabi-gcc -mcpu=cortex-a9 -mfpu=vfpv3 -mfloat-abi=hard -Wl,-build-id=none -specs=Xilinx.spec -Wl,-T -Wl,../src/lscript.ld -L../../standalone_bsp_0/ps7_cortexa9_0/lib -o "standalone_bsp_0_xuartps_hello_world_example_1.elf"  ./src/xuartps_hello_world_example.o   -Wl,--start-group,-lxil,-lgcc,-lc,--end-group
'Finished building target: standalone_bsp_0_xuartps_hello_world_example_1.elf'
' '
'Invoking: ARM v7 Print Size'
arm-none-eabi-size standalone_bsp_0_xuartps_hello_world_example_1.elf  |tee "standalone_bsp_0_xuartps_hello_world_example_1.elf.size"
   text	   data	    bss	    dec	    hex	filename
  31432	   1544	   9448	  42424	   a5b8	standalone_bsp_0_xuartps_hello_world_example_1.elf
'Finished building: standalone_bsp_0_xuartps_hello_world_example_1.elf.size'
' '
12:22:56 **** Auto Build of configuration Debug for project standalone_bsp_0_xuartps_hello_world_example_1 ****
make pre-build main-build 
a9-linaro-pre-build-step
' '
'Building file: ../src/xuartps_hello_world_example.c'
'Invoking: ARM v7 gcc compiler'
arm-none-eabi-gcc -Wall -O0 -g3 -c -fmessage-length=0 -MT"src/xuartps_hello_world_example.o" -mcpu=cortex-a9 -mfpu=vfpv3 -mfloat-abi=hard -I../../standalone_bsp_0/ps7_cortexa9_0/include -MMD -MP -MF"src/xuartps_hello_world_example.d" -MT"src/xuartps_hello_world_example.o" -o "src/xuartps_hello_world_example.o" "../src/xuartps_hello_world_example.c"
../src/xuartps_hello_world_example.c: In function 'main':
../src/xuartps_hello_world_example.c:123:41: warning: passing argument 2 of 'Ov7670_WriteReg' makes pointer from integer without a cast [-Wint-conversion]
  Ov7670_WriteReg(OV7670_SLAVE_RESET_REG,0x1,1);
                                         ^~~
../src/xuartps_hello_world_example.c:98:37: note: expected 'u8 *' {aka 'unsigned char *'} but argument is of type 'int'
 uint8_t Ov7670_WriteReg(u8 Reg, u8 *BufData, u16 len){
                                 ~~~~^~~~~~~
'Finished building: ../src/xuartps_hello_world_example.c'
' '
'Building target: standalone_bsp_0_xuartps_hello_world_example_1.elf'
'Invoking: ARM v7 gcc linker'
arm-none-eabi-gcc -mcpu=cortex-a9 -mfpu=vfpv3 -mfloat-abi=hard -Wl,-build-id=none -specs=Xilinx.spec -Wl,-T -Wl,../src/lscript.ld -L../../standalone_bsp_0/ps7_cortexa9_0/lib -o "standalone_bsp_0_xuartps_hello_world_example_1.elf"  ./src/xuartps_hello_world_example.o   -Wl,--start-group,-lxil,-lgcc,-lc,--end-group
'Finished building target: standalone_bsp_0_xuartps_hello_world_example_1.elf'
' '
'Invoking: ARM v7 Print Size'
arm-none-eabi-size standalone_bsp_0_xuartps_hello_world_example_1.elf  |tee "standalone_bsp_0_xuartps_hello_world_example_1.elf.size"
   text	   data	    bss	    dec	    hex	filename
  31432	   1544	   9448	  42424	   a5b8	standalone_bsp_0_xuartps_hello_world_example_1.elf
'Finished building: standalone_bsp_0_xuartps_hello_world_example_1.elf.size'
' '
12:23:41 **** Auto Build of configuration Debug for project standalone_bsp_0_xuartps_hello_world_example_1 ****
make pre-build main-build 
a9-linaro-pre-build-step
' '
'Building file: ../src/xuartps_hello_world_example.c'
'Invoking: ARM v7 gcc compiler'
arm-none-eabi-gcc -Wall -O0 -g3 -c -fmessage-length=0 -MT"src/xuartps_hello_world_example.o" -mcpu=cortex-a9 -mfpu=vfpv3 -mfloat-abi=hard -I../../standalone_bsp_0/ps7_cortexa9_0/include -MMD -MP -MF"src/xuartps_hello_world_example.d" -MT"src/xuartps_hello_world_example.o" -o "src/xuartps_hello_world_example.o" "../src/xuartps_hello_world_example.c"
../src/xuartps_hello_world_example.c: In function 'Ov7670_WriteReg':
../src/xuartps_hello_world_example.c:102:27: error: 'Bufp' undeclared (first use in this function)
   write_data[ByteCount] = Bufp[ByteCount-1];
                           ^~~~
../src/xuartps_hello_world_example.c:102:27: note: each undeclared identifier is reported only once for each function it appears in
../src/xuartps_hello_world_example.c: In function 'main':
../src/xuartps_hello_world_example.c:126:41: warning: passing argument 2 of 'Ov7670_WriteReg' makes pointer from integer without a cast [-Wint-conversion]
  Ov7670_WriteReg(OV7670_SLAVE_RESET_REG,0x1,1);
                                         ^~~
../src/xuartps_hello_world_example.c:98:37: note: expected 'u8 *' {aka 'unsigned char *'} but argument is of type 'int'
 uint8_t Ov7670_WriteReg(u8 Reg, u8 *BufData, u16 len){
                                 ~~~~^~~~~~~
make: *** [src/subdir.mk:23: src/xuartps_hello_world_example.o] Error 1
12:23:57 **** Auto Build of configuration Debug for project standalone_bsp_0_xuartps_hello_world_example_1 ****
make pre-build main-build 
a9-linaro-pre-build-step
' '
'Building file: ../src/xuartps_hello_world_example.c'
'Invoking: ARM v7 gcc compiler'
arm-none-eabi-gcc -Wall -O0 -g3 -c -fmessage-length=0 -MT"src/xuartps_hello_world_example.o" -mcpu=cortex-a9 -mfpu=vfpv3 -mfloat-abi=hard -I../../standalone_bsp_0/ps7_cortexa9_0/include -MMD -MP -MF"src/xuartps_hello_world_example.d" -MT"src/xuartps_hello_world_example.o" -o "src/xuartps_hello_world_example.o" "../src/xuartps_hello_world_example.c"
../src/xuartps_hello_world_example.c: In function 'main':
../src/xuartps_hello_world_example.c:126:41: warning: passing argument 2 of 'Ov7670_WriteReg' makes pointer from integer without a cast [-Wint-conversion]
  Ov7670_WriteReg(OV7670_SLAVE_RESET_REG,0x1,1);
                                         ^~~
../src/xuartps_hello_world_example.c:98:37: note: expected 'u8 *' {aka 'unsigned char *'} but argument is of type 'int'
 uint8_t Ov7670_WriteReg(u8 Reg, u8 *BufData, u16 len){
                                 ~~~~^~~~~~~
'Finished building: ../src/xuartps_hello_world_example.c'
' '
'Building target: standalone_bsp_0_xuartps_hello_world_example_1.elf'
'Invoking: ARM v7 gcc linker'
arm-none-eabi-gcc -mcpu=cortex-a9 -mfpu=vfpv3 -mfloat-abi=hard -Wl,-build-id=none -specs=Xilinx.spec -Wl,-T -Wl,../src/lscript.ld -L../../standalone_bsp_0/ps7_cortexa9_0/lib -o "standalone_bsp_0_xuartps_hello_world_example_1.elf"  ./src/xuartps_hello_world_example.o   -Wl,--start-group,-lxil,-lgcc,-lc,--end-group
'Finished building target: standalone_bsp_0_xuartps_hello_world_example_1.elf'
' '
'Invoking: ARM v7 Print Size'
arm-none-eabi-size standalone_bsp_0_xuartps_hello_world_example_1.elf  |tee "standalone_bsp_0_xuartps_hello_world_example_1.elf.size"
   text	   data	    bss	    dec	    hex	filename
  31496	   1544	   9448	  42488	   a5f8	standalone_bsp_0_xuartps_hello_world_example_1.elf
'Finished building: standalone_bsp_0_xuartps_hello_world_example_1.elf.size'
' '
12:24:42 **** Auto Build of configuration Debug for project standalone_bsp_0_xuartps_hello_world_example_1 ****
make pre-build main-build 
a9-linaro-pre-build-step
' '
'Building file: ../src/xuartps_hello_world_example.c'
'Invoking: ARM v7 gcc compiler'
arm-none-eabi-gcc -Wall -O0 -g3 -c -fmessage-length=0 -MT"src/xuartps_hello_world_example.o" -mcpu=cortex-a9 -mfpu=vfpv3 -mfloat-abi=hard -I../../standalone_bsp_0/ps7_cortexa9_0/include -MMD -MP -MF"src/xuartps_hello_world_example.d" -MT"src/xuartps_hello_world_example.o" -o "src/xuartps_hello_world_example.o" "../src/xuartps_hello_world_example.c"
../src/xuartps_hello_world_example.c: In function 'main':
../src/xuartps_hello_world_example.c:127:41: warning: passing argument 2 of 'Ov7670_WriteReg' makes pointer from integer without a cast [-Wint-conversion]
  Ov7670_WriteReg(OV7670_SLAVE_RESET_REG,0x1,1);
                                         ^~~
../src/xuartps_hello_world_example.c:98:37: note: expected 'u8 *' {aka 'unsigned char *'} but argument is of type 'int'
 uint8_t Ov7670_WriteReg(u8 Reg, u8 *BufData, u16 len){
                                 ~~~~^~~~~~~
../src/xuartps_hello_world_example.c:126:5: warning: unused variable 'sendData' [-Wunused-variable]
  u8 sendData = 0;
     ^~~~~~~~
'Finished building: ../src/xuartps_hello_world_example.c'
' '
'Building target: standalone_bsp_0_xuartps_hello_world_example_1.elf'
'Invoking: ARM v7 gcc linker'
arm-none-eabi-gcc -mcpu=cortex-a9 -mfpu=vfpv3 -mfloat-abi=hard -Wl,-build-id=none -specs=Xilinx.spec -Wl,-T -Wl,../src/lscript.ld -L../../standalone_bsp_0/ps7_cortexa9_0/lib -o "standalone_bsp_0_xuartps_hello_world_example_1.elf"  ./src/xuartps_hello_world_example.o   -Wl,--start-group,-lxil,-lgcc,-lc,--end-group
'Finished building target: standalone_bsp_0_xuartps_hello_world_example_1.elf'
' '
'Invoking: ARM v7 Print Size'
arm-none-eabi-size standalone_bsp_0_xuartps_hello_world_example_1.elf  |tee "standalone_bsp_0_xuartps_hello_world_example_1.elf.size"
   text	   data	    bss	    dec	    hex	filename
  31496	   1544	   9448	  42488	   a5f8	standalone_bsp_0_xuartps_hello_world_example_1.elf
'Finished building: standalone_bsp_0_xuartps_hello_world_example_1.elf.size'
' '
12:24:48 **** Auto Build of configuration Debug for project standalone_bsp_0_xuartps_hello_world_example_1 ****
make pre-build main-build 
a9-linaro-pre-build-step
' '
'Building file: ../src/xuartps_hello_world_example.c'
'Invoking: ARM v7 gcc compiler'
arm-none-eabi-gcc -Wall -O0 -g3 -c -fmessage-length=0 -MT"src/xuartps_hello_world_example.o" -mcpu=cortex-a9 -mfpu=vfpv3 -mfloat-abi=hard -I../../standalone_bsp_0/ps7_cortexa9_0/include -MMD -MP -MF"src/xuartps_hello_world_example.d" -MT"src/xuartps_hello_world_example.o" -o "src/xuartps_hello_world_example.o" "../src/xuartps_hello_world_example.c"
../src/xuartps_hello_world_example.c: In function 'main':
../src/xuartps_hello_world_example.c:127:41: warning: passing argument 2 of 'Ov7670_WriteReg' makes pointer from integer without a cast [-Wint-conversion]
  Ov7670_WriteReg(OV7670_SLAVE_RESET_REG,0x1,1);
                                         ^~~
../src/xuartps_hello_world_example.c:98:37: note: expected 'u8 *' {aka 'unsigned char *'} but argument is of type 'int'
 uint8_t Ov7670_WriteReg(u8 Reg, u8 *BufData, u16 len){
                                 ~~~~^~~~~~~
../src/xuartps_hello_world_example.c:126:5: warning: unused variable 'sendData' [-Wunused-variable]
  u8 sendData = 0;
     ^~~~~~~~
'Finished building: ../src/xuartps_hello_world_example.c'
' '
'Building target: standalone_bsp_0_xuartps_hello_world_example_1.elf'
'Invoking: ARM v7 gcc linker'
arm-none-eabi-gcc -mcpu=cortex-a9 -mfpu=vfpv3 -mfloat-abi=hard -Wl,-build-id=none -specs=Xilinx.spec -Wl,-T -Wl,../src/lscript.ld -L../../standalone_bsp_0/ps7_cortexa9_0/lib -o "standalone_bsp_0_xuartps_hello_world_example_1.elf"  ./src/xuartps_hello_world_example.o   -Wl,--start-group,-lxil,-lgcc,-lc,--end-group
'Finished building target: standalone_bsp_0_xuartps_hello_world_example_1.elf'
' '
'Invoking: ARM v7 Print Size'
arm-none-eabi-size standalone_bsp_0_xuartps_hello_world_example_1.elf  |tee "standalone_bsp_0_xuartps_hello_world_example_1.elf.size"
   text	   data	    bss	    dec	    hex	filename
  31496	   1544	   9448	  42488	   a5f8	standalone_bsp_0_xuartps_hello_world_example_1.elf
'Finished building: standalone_bsp_0_xuartps_hello_world_example_1.elf.size'
' '
12:25:04 **** Auto Build of configuration Debug for project standalone_bsp_0_xuartps_hello_world_example_1 ****
make pre-build main-build 
a9-linaro-pre-build-step
' '
'Building file: ../src/xuartps_hello_world_example.c'
'Invoking: ARM v7 gcc compiler'
arm-none-eabi-gcc -Wall -O0 -g3 -c -fmessage-length=0 -MT"src/xuartps_hello_world_example.o" -mcpu=cortex-a9 -mfpu=vfpv3 -mfloat-abi=hard -I../../standalone_bsp_0/ps7_cortexa9_0/include -MMD -MP -MF"src/xuartps_hello_world_example.d" -MT"src/xuartps_hello_world_example.o" -o "src/xuartps_hello_world_example.o" "../src/xuartps_hello_world_example.c"
../src/xuartps_hello_world_example.c: In function 'main':
../src/xuartps_hello_world_example.c:129:41: warning: passing argument 2 of 'Ov7670_WriteReg' makes pointer from integer without a cast [-Wint-conversion]
  Ov7670_WriteReg(OV7670_SLAVE_RESET_REG,sendData,1);
                                         ^~~~~~~~
../src/xuartps_hello_world_example.c:98:37: note: expected 'u8 *' {aka 'unsigned char *'} but argument is of type 'u8' {aka 'unsigned char'}
 uint8_t Ov7670_WriteReg(u8 Reg, u8 *BufData, u16 len){
                                 ~~~~^~~~~~~
'Finished building: ../src/xuartps_hello_world_example.c'
' '
'Building target: standalone_bsp_0_xuartps_hello_world_example_1.elf'
'Invoking: ARM v7 gcc linker'
arm-none-eabi-gcc -mcpu=cortex-a9 -mfpu=vfpv3 -mfloat-abi=hard -Wl,-build-id=none -specs=Xilinx.spec -Wl,-T -Wl,../src/lscript.ld -L../../standalone_bsp_0/ps7_cortexa9_0/lib -o "standalone_bsp_0_xuartps_hello_world_example_1.elf"  ./src/xuartps_hello_world_example.o   -Wl,--start-group,-lxil,-lgcc,-lc,--end-group
'Finished building target: standalone_bsp_0_xuartps_hello_world_example_1.elf'
' '
'Invoking: ARM v7 Print Size'
arm-none-eabi-size standalone_bsp_0_xuartps_hello_world_example_1.elf  |tee "standalone_bsp_0_xuartps_hello_world_example_1.elf.size"
   text	   data	    bss	    dec	    hex	filename
  31496	   1544	   9448	  42488	   a5f8	standalone_bsp_0_xuartps_hello_world_example_1.elf
'Finished building: standalone_bsp_0_xuartps_hello_world_example_1.elf.size'
' '
12:25:15 **** Auto Build of configuration Debug for project standalone_bsp_0_xuartps_hello_world_example_1 ****
make pre-build main-build 
a9-linaro-pre-build-step
' '
'Building file: ../src/xuartps_hello_world_example.c'
'Invoking: ARM v7 gcc compiler'
arm-none-eabi-gcc -Wall -O0 -g3 -c -fmessage-length=0 -MT"src/xuartps_hello_world_example.o" -mcpu=cortex-a9 -mfpu=vfpv3 -mfloat-abi=hard -I../../standalone_bsp_0/ps7_cortexa9_0/include -MMD -MP -MF"src/xuartps_hello_world_example.d" -MT"src/xuartps_hello_world_example.o" -o "src/xuartps_hello_world_example.o" "../src/xuartps_hello_world_example.c"
../src/xuartps_hello_world_example.c: In function 'main':
../src/xuartps_hello_world_example.c:129:41: warning: passing argument 2 of 'Ov7670_WriteReg' makes pointer from integer without a cast [-Wint-conversion]
  Ov7670_WriteReg(OV7670_SLAVE_RESET_REG,sendData,1);
                                         ^~~~~~~~
../src/xuartps_hello_world_example.c:98:37: note: expected 'u8 *' {aka 'unsigned char *'} but argument is of type 'u8' {aka 'unsigned char'}
 uint8_t Ov7670_WriteReg(u8 Reg, u8 *BufData, u16 len){
                                 ~~~~^~~~~~~
'Finished building: ../src/xuartps_hello_world_example.c'
' '
'Building target: standalone_bsp_0_xuartps_hello_world_example_1.elf'
'Invoking: ARM v7 gcc linker'
arm-none-eabi-gcc -mcpu=cortex-a9 -mfpu=vfpv3 -mfloat-abi=hard -Wl,-build-id=none -specs=Xilinx.spec -Wl,-T -Wl,../src/lscript.ld -L../../standalone_bsp_0/ps7_cortexa9_0/lib -o "standalone_bsp_0_xuartps_hello_world_example_1.elf"  ./src/xuartps_hello_world_example.o   -Wl,--start-group,-lxil,-lgcc,-lc,--end-group
'Finished building target: standalone_bsp_0_xuartps_hello_world_example_1.elf'
' '
'Invoking: ARM v7 Print Size'
arm-none-eabi-size standalone_bsp_0_xuartps_hello_world_example_1.elf  |tee "standalone_bsp_0_xuartps_hello_world_example_1.elf.size"
   text	   data	    bss	    dec	    hex	filename
  31496	   1544	   9448	  42488	   a5f8	standalone_bsp_0_xuartps_hello_world_example_1.elf
'Finished building: standalone_bsp_0_xuartps_hello_world_example_1.elf.size'
' '
12:25:23 **** Auto Build of configuration Debug for project standalone_bsp_0_xuartps_hello_world_example_1 ****
make pre-build main-build 
a9-linaro-pre-build-step
' '
'Building file: ../src/xuartps_hello_world_example.c'
'Invoking: ARM v7 gcc compiler'
arm-none-eabi-gcc -Wall -O0 -g3 -c -fmessage-length=0 -MT"src/xuartps_hello_world_example.o" -mcpu=cortex-a9 -mfpu=vfpv3 -mfloat-abi=hard -I../../standalone_bsp_0/ps7_cortexa9_0/include -MMD -MP -MF"src/xuartps_hello_world_example.d" -MT"src/xuartps_hello_world_example.o" -o "src/xuartps_hello_world_example.o" "../src/xuartps_hello_world_example.c"
'Finished building: ../src/xuartps_hello_world_example.c'
' '
'Building target: standalone_bsp_0_xuartps_hello_world_example_1.elf'
'Invoking: ARM v7 gcc linker'
arm-none-eabi-gcc -mcpu=cortex-a9 -mfpu=vfpv3 -mfloat-abi=hard -Wl,-build-id=none -specs=Xilinx.spec -Wl,-T -Wl,../src/lscript.ld -L../../standalone_bsp_0/ps7_cortexa9_0/lib -o "standalone_bsp_0_xuartps_hello_world_example_1.elf"  ./src/xuartps_hello_world_example.o   -Wl,--start-group,-lxil,-lgcc,-lc,--end-group
'Finished building target: standalone_bsp_0_xuartps_hello_world_example_1.elf'
' '
'Invoking: ARM v7 Print Size'
arm-none-eabi-size standalone_bsp_0_xuartps_hello_world_example_1.elf  |tee "standalone_bsp_0_xuartps_hello_world_example_1.elf.size"
   text	   data	    bss	    dec	    hex	filename
  31496	   1544	   9448	  42488	   a5f8	standalone_bsp_0_xuartps_hello_world_example_1.elf
'Finished building: standalone_bsp_0_xuartps_hello_world_example_1.elf.size'
' '
12:25:27 **** Incremental Build of configuration Debug for project standalone_bsp_0_xuartps_hello_world_example_1 ****
make pre-build main-build 
a9-linaro-pre-build-step
' '
make: Nothing to be done for 'main-build'.
12:25:55 **** Auto Build of configuration Debug for project standalone_bsp_0_xuartps_hello_world_example_1 ****
make pre-build main-build 
a9-linaro-pre-build-step
' '
'Building file: ../src/xuartps_hello_world_example.c'
'Invoking: ARM v7 gcc compiler'
arm-none-eabi-gcc -Wall -O0 -g3 -c -fmessage-length=0 -MT"src/xuartps_hello_world_example.o" -mcpu=cortex-a9 -mfpu=vfpv3 -mfloat-abi=hard -I../../standalone_bsp_0/ps7_cortexa9_0/include -MMD -MP -MF"src/xuartps_hello_world_example.d" -MT"src/xuartps_hello_world_example.o" -o "src/xuartps_hello_world_example.o" "../src/xuartps_hello_world_example.c"
'Finished building: ../src/xuartps_hello_world_example.c'
' '
'Building target: standalone_bsp_0_xuartps_hello_world_example_1.elf'
'Invoking: ARM v7 gcc linker'
arm-none-eabi-gcc -mcpu=cortex-a9 -mfpu=vfpv3 -mfloat-abi=hard -Wl,-build-id=none -specs=Xilinx.spec -Wl,-T -Wl,../src/lscript.ld -L../../standalone_bsp_0/ps7_cortexa9_0/lib -o "standalone_bsp_0_xuartps_hello_world_example_1.elf"  ./src/xuartps_hello_world_example.o   -Wl,--start-group,-lxil,-lgcc,-lc,--end-group
'Finished building target: standalone_bsp_0_xuartps_hello_world_example_1.elf'
' '
'Invoking: ARM v7 Print Size'
arm-none-eabi-size standalone_bsp_0_xuartps_hello_world_example_1.elf  |tee "standalone_bsp_0_xuartps_hello_world_example_1.elf.size"
   text	   data	    bss	    dec	    hex	filename
  31560	   1544	   9448	  42552	   a638	standalone_bsp_0_xuartps_hello_world_example_1.elf
'Finished building: standalone_bsp_0_xuartps_hello_world_example_1.elf.size'
' '
12:25:59 **** Incremental Build of configuration Debug for project standalone_bsp_0_xuartps_hello_world_example_1 ****
make pre-build main-build 
a9-linaro-pre-build-step
' '
make: Nothing to be done for 'main-build'.
12:42:01 **** Auto Build of configuration Debug for project standalone_bsp_0_xuartps_hello_world_example_1 ****
make pre-build main-build 
a9-linaro-pre-build-step
' '
'Building file: ../src/xuartps_hello_world_example.c'
'Invoking: ARM v7 gcc compiler'
arm-none-eabi-gcc -Wall -O0 -g3 -c -fmessage-length=0 -MT"src/xuartps_hello_world_example.o" -mcpu=cortex-a9 -mfpu=vfpv3 -mfloat-abi=hard -I../../standalone_bsp_0/ps7_cortexa9_0/include -MMD -MP -MF"src/xuartps_hello_world_example.d" -MT"src/xuartps_hello_world_example.o" -o "src/xuartps_hello_world_example.o" "../src/xuartps_hello_world_example.c"
../src/xuartps_hello_world_example.c: In function 'main':
../src/xuartps_hello_world_example.c:133:57: warning: cast to pointer from integer of different size [-Wint-to-pointer-cast]
  XIic_Recv(IIC_BASE_ADDRESS, OV7670_SLAVE_ADDRESS_READ, (u8*)regInfo, 1, XIIC_STOP);
                                                         ^
'Finished building: ../src/xuartps_hello_world_example.c'
' '
'Building target: standalone_bsp_0_xuartps_hello_world_example_1.elf'
'Invoking: ARM v7 gcc linker'
arm-none-eabi-gcc -mcpu=cortex-a9 -mfpu=vfpv3 -mfloat-abi=hard -Wl,-build-id=none -specs=Xilinx.spec -Wl,-T -Wl,../src/lscript.ld -L../../standalone_bsp_0/ps7_cortexa9_0/lib -o "standalone_bsp_0_xuartps_hello_world_example_1.elf"  ./src/xuartps_hello_world_example.o   -Wl,--start-group,-lxil,-lgcc,-lc,--end-group
'Finished building target: standalone_bsp_0_xuartps_hello_world_example_1.elf'
' '
'Invoking: ARM v7 Print Size'
arm-none-eabi-size standalone_bsp_0_xuartps_hello_world_example_1.elf  |tee "standalone_bsp_0_xuartps_hello_world_example_1.elf.size"
   text	   data	    bss	    dec	    hex	filename
  31560	   1544	   9448	  42552	   a638	standalone_bsp_0_xuartps_hello_world_example_1.elf
'Finished building: standalone_bsp_0_xuartps_hello_world_example_1.elf.size'
' '
12:42:03 **** Incremental Build of configuration Debug for project standalone_bsp_0_xuartps_hello_world_example_1 ****
make pre-build main-build 
a9-linaro-pre-build-step
' '
make: Nothing to be done for 'main-build'.
12:45:05 **** Auto Build of configuration Debug for project standalone_bsp_0_xuartps_hello_world_example_1 ****
make pre-build main-build 
a9-linaro-pre-build-step
' '
'Building file: ../src/xuartps_hello_world_example.c'
'Invoking: ARM v7 gcc compiler'
arm-none-eabi-gcc -Wall -O0 -g3 -c -fmessage-length=0 -MT"src/xuartps_hello_world_example.o" -mcpu=cortex-a9 -mfpu=vfpv3 -mfloat-abi=hard -I../../standalone_bsp_0/ps7_cortexa9_0/include -MMD -MP -MF"src/xuartps_hello_world_example.d" -MT"src/xuartps_hello_world_example.o" -o "src/xuartps_hello_world_example.o" "../src/xuartps_hello_world_example.c"
../src/xuartps_hello_world_example.c: In function 'main':
../src/xuartps_hello_world_example.c:133:57: warning: cast to pointer from integer of different size [-Wint-to-pointer-cast]
  XIic_Recv(IIC_BASE_ADDRESS, OV7670_SLAVE_ADDRESS_READ, (u8*)regInfo, 1, XIIC_STOP);
                                                         ^
'Finished building: ../src/xuartps_hello_world_example.c'
' '
'Building target: standalone_bsp_0_xuartps_hello_world_example_1.elf'
'Invoking: ARM v7 gcc linker'
arm-none-eabi-gcc -mcpu=cortex-a9 -mfpu=vfpv3 -mfloat-abi=hard -Wl,-build-id=none -specs=Xilinx.spec -Wl,-T -Wl,../src/lscript.ld -L../../standalone_bsp_0/ps7_cortexa9_0/lib -o "standalone_bsp_0_xuartps_hello_world_example_1.elf"  ./src/xuartps_hello_world_example.o   -Wl,--start-group,-lxil,-lgcc,-lc,--end-group
'Finished building target: standalone_bsp_0_xuartps_hello_world_example_1.elf'
' '
'Invoking: ARM v7 Print Size'
arm-none-eabi-size standalone_bsp_0_xuartps_hello_world_example_1.elf  |tee "standalone_bsp_0_xuartps_hello_world_example_1.elf.size"
   text	   data	    bss	    dec	    hex	filename
  31560	   1544	   9448	  42552	   a638	standalone_bsp_0_xuartps_hello_world_example_1.elf
'Finished building: standalone_bsp_0_xuartps_hello_world_example_1.elf.size'
' '
12:46:57 **** Auto Build of configuration Debug for project standalone_bsp_0_xuartps_hello_world_example_1 ****
make pre-build main-build 
a9-linaro-pre-build-step
' '
'Building file: ../src/xuartps_hello_world_example.c'
'Invoking: ARM v7 gcc compiler'
arm-none-eabi-gcc -Wall -O0 -g3 -c -fmessage-length=0 -MT"src/xuartps_hello_world_example.o" -mcpu=cortex-a9 -mfpu=vfpv3 -mfloat-abi=hard -I../../standalone_bsp_0/ps7_cortexa9_0/include -MMD -MP -MF"src/xuartps_hello_world_example.d" -MT"src/xuartps_hello_world_example.o" -o "src/xuartps_hello_world_example.o" "../src/xuartps_hello_world_example.c"
'Finished building: ../src/xuartps_hello_world_example.c'
' '
'Building target: standalone_bsp_0_xuartps_hello_world_example_1.elf'
'Invoking: ARM v7 gcc linker'
arm-none-eabi-gcc -mcpu=cortex-a9 -mfpu=vfpv3 -mfloat-abi=hard -Wl,-build-id=none -specs=Xilinx.spec -Wl,-T -Wl,../src/lscript.ld -L../../standalone_bsp_0/ps7_cortexa9_0/lib -o "standalone_bsp_0_xuartps_hello_world_example_1.elf"  ./src/xuartps_hello_world_example.o   -Wl,--start-group,-lxil,-lgcc,-lc,--end-group
'Finished building target: standalone_bsp_0_xuartps_hello_world_example_1.elf'
' '
'Invoking: ARM v7 Print Size'
arm-none-eabi-size standalone_bsp_0_xuartps_hello_world_example_1.elf  |tee "standalone_bsp_0_xuartps_hello_world_example_1.elf.size"
   text	   data	    bss	    dec	    hex	filename
  31560	   1544	   9448	  42552	   a638	standalone_bsp_0_xuartps_hello_world_example_1.elf
'Finished building: standalone_bsp_0_xuartps_hello_world_example_1.elf.size'
' '
12:46:59 **** Incremental Build of configuration Debug for project standalone_bsp_0_xuartps_hello_world_example_1 ****
make pre-build main-build 
a9-linaro-pre-build-step
' '
make: Nothing to be done for 'main-build'.
12:48:03 **** Auto Build of configuration Debug for project standalone_bsp_0_xuartps_hello_world_example_1 ****
make pre-build main-build 
a9-linaro-pre-build-step
' '
'Building file: ../src/xuartps_hello_world_example.c'
'Invoking: ARM v7 gcc compiler'
arm-none-eabi-gcc -Wall -O0 -g3 -c -fmessage-length=0 -MT"src/xuartps_hello_world_example.o" -mcpu=cortex-a9 -mfpu=vfpv3 -mfloat-abi=hard -I../../standalone_bsp_0/ps7_cortexa9_0/include -MMD -MP -MF"src/xuartps_hello_world_example.d" -MT"src/xuartps_hello_world_example.o" -o "src/xuartps_hello_world_example.o" "../src/xuartps_hello_world_example.c"
../src/xuartps_hello_world_example.c: In function 'ov7670_ReadReg':
../src/xuartps_hello_world_example.c:92:42: error: 'OV7670_SLAVE_ADDRESS_READ' undeclared (first use in this function); did you mean 'OV7670_SLAVE_RESET_REG'?
  ByteCount = XIic_Send(IIC_BASE_ADDRESS, OV7670_SLAVE_ADDRESS_READ, (u8*)&write_data, 1, XIIC_REPEATED_START);
                                          ^~~~~~~~~~~~~~~~~~~~~~~~~
                                          OV7670_SLAVE_RESET_REG
../src/xuartps_hello_world_example.c:92:42: note: each undeclared identifier is reported only once for each function it appears in
../src/xuartps_hello_world_example.c: In function 'Ov7670_WriteReg':
../src/xuartps_hello_world_example.c:103:42: error: 'OV7670_SLAVE_ADDRESS_WRITE' undeclared (first use in this function); did you mean 'OV7670_SLAVE_RESET_REG'?
  ByteCount = XIic_Send(IIC_BASE_ADDRESS, OV7670_SLAVE_ADDRESS_WRITE, &write_data[0], (len+1), XIIC_STOP);
                                          ^~~~~~~~~~~~~~~~~~~~~~~~~~
                                          OV7670_SLAVE_RESET_REG
../src/xuartps_hello_world_example.c: In function 'main':
../src/xuartps_hello_world_example.c:132:30: error: 'OV7670_SLAVE_ADDRESS_READ' undeclared (first use in this function); did you mean 'OV7670_SLAVE_RESET_REG'?
  XIic_Recv(IIC_BASE_ADDRESS, OV7670_SLAVE_ADDRESS_READ, &regInfo, 1, XIIC_STOP);
                              ^~~~~~~~~~~~~~~~~~~~~~~~~
                              OV7670_SLAVE_RESET_REG
make: *** [src/subdir.mk:23: src/xuartps_hello_world_example.o] Error 1
12:48:15 **** Auto Build of configuration Debug for project standalone_bsp_0_xuartps_hello_world_example_1 ****
make pre-build main-build 
a9-linaro-pre-build-step
' '
'Building file: ../src/xuartps_hello_world_example.c'
'Invoking: ARM v7 gcc compiler'
arm-none-eabi-gcc -Wall -O0 -g3 -c -fmessage-length=0 -MT"src/xuartps_hello_world_example.o" -mcpu=cortex-a9 -mfpu=vfpv3 -mfloat-abi=hard -I../../standalone_bsp_0/ps7_cortexa9_0/include -MMD -MP -MF"src/xuartps_hello_world_example.d" -MT"src/xuartps_hello_world_example.o" -o "src/xuartps_hello_world_example.o" "../src/xuartps_hello_world_example.c"
'Finished building: ../src/xuartps_hello_world_example.c'
' '
'Building target: standalone_bsp_0_xuartps_hello_world_example_1.elf'
'Invoking: ARM v7 gcc linker'
arm-none-eabi-gcc -mcpu=cortex-a9 -mfpu=vfpv3 -mfloat-abi=hard -Wl,-build-id=none -specs=Xilinx.spec -Wl,-T -Wl,../src/lscript.ld -L../../standalone_bsp_0/ps7_cortexa9_0/lib -o "standalone_bsp_0_xuartps_hello_world_example_1.elf"  ./src/xuartps_hello_world_example.o   -Wl,--start-group,-lxil,-lgcc,-lc,--end-group
'Finished building target: standalone_bsp_0_xuartps_hello_world_example_1.elf'
' '
'Invoking: ARM v7 Print Size'
arm-none-eabi-size standalone_bsp_0_xuartps_hello_world_example_1.elf  |tee "standalone_bsp_0_xuartps_hello_world_example_1.elf.size"
   text	   data	    bss	    dec	    hex	filename
  31560	   1544	   9448	  42552	   a638	standalone_bsp_0_xuartps_hello_world_example_1.elf
'Finished building: standalone_bsp_0_xuartps_hello_world_example_1.elf.size'
' '
12:48:32 **** Auto Build of configuration Debug for project standalone_bsp_0_xuartps_hello_world_example_1 ****
make pre-build main-build 
a9-linaro-pre-build-step
' '
'Building file: ../src/xuartps_hello_world_example.c'
'Invoking: ARM v7 gcc compiler'
arm-none-eabi-gcc -Wall -O0 -g3 -c -fmessage-length=0 -MT"src/xuartps_hello_world_example.o" -mcpu=cortex-a9 -mfpu=vfpv3 -mfloat-abi=hard -I../../standalone_bsp_0/ps7_cortexa9_0/include -MMD -MP -MF"src/xuartps_hello_world_example.d" -MT"src/xuartps_hello_world_example.o" -o "src/xuartps_hello_world_example.o" "../src/xuartps_hello_world_example.c"
'Finished building: ../src/xuartps_hello_world_example.c'
' '
'Building target: standalone_bsp_0_xuartps_hello_world_example_1.elf'
'Invoking: ARM v7 gcc linker'
arm-none-eabi-gcc -mcpu=cortex-a9 -mfpu=vfpv3 -mfloat-abi=hard -Wl,-build-id=none -specs=Xilinx.spec -Wl,-T -Wl,../src/lscript.ld -L../../standalone_bsp_0/ps7_cortexa9_0/lib -o "standalone_bsp_0_xuartps_hello_world_example_1.elf"  ./src/xuartps_hello_world_example.o   -Wl,--start-group,-lxil,-lgcc,-lc,--end-group
'Finished building target: standalone_bsp_0_xuartps_hello_world_example_1.elf'
' '
'Invoking: ARM v7 Print Size'
arm-none-eabi-size standalone_bsp_0_xuartps_hello_world_example_1.elf  |tee "standalone_bsp_0_xuartps_hello_world_example_1.elf.size"
   text	   data	    bss	    dec	    hex	filename
  31560	   1544	   9448	  42552	   a638	standalone_bsp_0_xuartps_hello_world_example_1.elf
'Finished building: standalone_bsp_0_xuartps_hello_world_example_1.elf.size'
' '
12:48:34 **** Incremental Build of configuration Debug for project standalone_bsp_0_xuartps_hello_world_example_1 ****
make pre-build main-build 
a9-linaro-pre-build-step
' '
make: Nothing to be done for 'main-build'.
12:51:08 **** Auto Build of configuration Debug for project standalone_bsp_0_xuartps_hello_world_example_1 ****
make pre-build main-build 
a9-linaro-pre-build-step
' '
'Building file: ../src/xuartps_hello_world_example.c'
'Invoking: ARM v7 gcc compiler'
arm-none-eabi-gcc -Wall -O0 -g3 -c -fmessage-length=0 -MT"src/xuartps_hello_world_example.o" -mcpu=cortex-a9 -mfpu=vfpv3 -mfloat-abi=hard -I../../standalone_bsp_0/ps7_cortexa9_0/include -MMD -MP -MF"src/xuartps_hello_world_example.d" -MT"src/xuartps_hello_world_example.o" -o "src/xuartps_hello_world_example.o" "../src/xuartps_hello_world_example.c"
'Finished building: ../src/xuartps_hello_world_example.c'
' '
'Building target: standalone_bsp_0_xuartps_hello_world_example_1.elf'
'Invoking: ARM v7 gcc linker'
arm-none-eabi-gcc -mcpu=cortex-a9 -mfpu=vfpv3 -mfloat-abi=hard -Wl,-build-id=none -specs=Xilinx.spec -Wl,-T -Wl,../src/lscript.ld -L../../standalone_bsp_0/ps7_cortexa9_0/lib -o "standalone_bsp_0_xuartps_hello_world_example_1.elf"  ./src/xuartps_hello_world_example.o   -Wl,--start-group,-lxil,-lgcc,-lc,--end-group
'Finished building target: standalone_bsp_0_xuartps_hello_world_example_1.elf'
' '
'Invoking: ARM v7 Print Size'
arm-none-eabi-size standalone_bsp_0_xuartps_hello_world_example_1.elf  |tee "standalone_bsp_0_xuartps_hello_world_example_1.elf.size"
   text	   data	    bss	    dec	    hex	filename
  31560	   1544	   9448	  42552	   a638	standalone_bsp_0_xuartps_hello_world_example_1.elf
'Finished building: standalone_bsp_0_xuartps_hello_world_example_1.elf.size'
' '
12:51:17 **** Incremental Build of configuration Debug for project standalone_bsp_0_xuartps_hello_world_example_1 ****
make pre-build main-build 
a9-linaro-pre-build-step
' '
make: Nothing to be done for 'main-build'.
12:52:05 **** Incremental Build of configuration Debug for project standalone_bsp_0_xuartps_hello_world_example_1 ****
make pre-build main-build 
a9-linaro-pre-build-step
' '
make: Nothing to be done for 'main-build'.
12:52:21 **** Auto Build of configuration Debug for project standalone_bsp_0_xuartps_hello_world_example_1 ****
make pre-build main-build 
a9-linaro-pre-build-step
' '
'Building file: ../src/xuartps_hello_world_example.c'
'Invoking: ARM v7 gcc compiler'
arm-none-eabi-gcc -Wall -O0 -g3 -c -fmessage-length=0 -MT"src/xuartps_hello_world_example.o" -mcpu=cortex-a9 -mfpu=vfpv3 -mfloat-abi=hard -I../../standalone_bsp_0/ps7_cortexa9_0/include -MMD -MP -MF"src/xuartps_hello_world_example.d" -MT"src/xuartps_hello_world_example.o" -o "src/xuartps_hello_world_example.o" "../src/xuartps_hello_world_example.c"
'Finished building: ../src/xuartps_hello_world_example.c'
' '
'Building target: standalone_bsp_0_xuartps_hello_world_example_1.elf'
'Invoking: ARM v7 gcc linker'
arm-none-eabi-gcc -mcpu=cortex-a9 -mfpu=vfpv3 -mfloat-abi=hard -Wl,-build-id=none -specs=Xilinx.spec -Wl,-T -Wl,../src/lscript.ld -L../../standalone_bsp_0/ps7_cortexa9_0/lib -o "standalone_bsp_0_xuartps_hello_world_example_1.elf"  ./src/xuartps_hello_world_example.o   -Wl,--start-group,-lxil,-lgcc,-lc,--end-group
'Finished building target: standalone_bsp_0_xuartps_hello_world_example_1.elf'
' '
'Invoking: ARM v7 Print Size'
arm-none-eabi-size standalone_bsp_0_xuartps_hello_world_example_1.elf  |tee "standalone_bsp_0_xuartps_hello_world_example_1.elf.size"
   text	   data	    bss	    dec	    hex	filename
  31564	   1544	   9448	  42556	   a63c	standalone_bsp_0_xuartps_hello_world_example_1.elf
'Finished building: standalone_bsp_0_xuartps_hello_world_example_1.elf.size'
' '
12:52:28 **** Incremental Build of configuration Debug for project standalone_bsp_0_xuartps_hello_world_example_1 ****
make pre-build main-build 
a9-linaro-pre-build-step
' '
make: Nothing to be done for 'main-build'.
12:54:13 **** Clean-only build of configuration Debug for project standalone_bsp_0_xuartps_hello_world_example_1 ****
make clean 
rm -rf  ./src/xuartps_hello_world_example.o  ./src/xuartps_hello_world_example.d  standalone_bsp_0_xuartps_hello_world_example_1.elf.size  standalone_bsp_0_xuartps_hello_world_example_1.elf
' '
12:54:13 **** Auto Build of configuration Debug for project standalone_bsp_0_xuartps_hello_world_example_1 ****
make pre-build main-build 
a9-linaro-pre-build-step
' '
'Building file: ../src/Camera_config.c'
'Invoking: ARM v7 gcc compiler'
arm-none-eabi-gcc -Wall -O0 -g3 -c -fmessage-length=0 -MT"src/Camera_config.o" -mcpu=cortex-a9 -mfpu=vfpv3 -mfloat-abi=hard -I../../standalone_bsp_0/ps7_cortexa9_0/include -MMD -MP -MF"src/Camera_config.d" -MT"src/Camera_config.o" -o "src/Camera_config.o" "../src/Camera_config.c"
'Finished building: ../src/Camera_config.c'
' '
'Building target: standalone_bsp_0_xuartps_hello_world_example_1.elf'
'Invoking: ARM v7 gcc linker'
arm-none-eabi-gcc -mcpu=cortex-a9 -mfpu=vfpv3 -mfloat-abi=hard -Wl,-build-id=none -specs=Xilinx.spec -Wl,-T -Wl,../src/lscript.ld -L../../standalone_bsp_0/ps7_cortexa9_0/lib -o "standalone_bsp_0_xuartps_hello_world_example_1.elf"  ./src/Camera_config.o   -Wl,--start-group,-lxil,-lgcc,-lc,--end-group
'Finished building target: standalone_bsp_0_xuartps_hello_world_example_1.elf'
' '
'Invoking: ARM v7 Print Size'
arm-none-eabi-size standalone_bsp_0_xuartps_hello_world_example_1.elf  |tee "standalone_bsp_0_xuartps_hello_world_example_1.elf.size"
   text	   data	    bss	    dec	    hex	filename
  31564	   1544	   9448	  42556	   a63c	standalone_bsp_0_xuartps_hello_world_example_1.elf
'Finished building: standalone_bsp_0_xuartps_hello_world_example_1.elf.size'
' '
12:55:19 **** Auto Build of configuration Debug for project standalone_bsp_0_xuartps_hello_world_example_1 ****
make pre-build main-build 
a9-linaro-pre-build-step
' '
'Building file: ../src/Camera_config.c'
'Invoking: ARM v7 gcc compiler'
arm-none-eabi-gcc -Wall -O0 -g3 -c -fmessage-length=0 -MT"src/Camera_config.o" -mcpu=cortex-a9 -mfpu=vfpv3 -mfloat-abi=hard -I../../standalone_bsp_0/ps7_cortexa9_0/include -MMD -MP -MF"src/Camera_config.d" -MT"src/Camera_config.o" -o "src/Camera_config.o" "../src/Camera_config.c"
../src/Camera_config.c: In function 'main':
../src/Camera_config.c:125:5: warning: unused variable 'sendData' [-Wunused-variable]
  u8 sendData = 0;
     ^~~~~~~~
'Finished building: ../src/Camera_config.c'
' '
'Building target: standalone_bsp_0_xuartps_hello_world_example_1.elf'
'Invoking: ARM v7 gcc linker'
arm-none-eabi-gcc -mcpu=cortex-a9 -mfpu=vfpv3 -mfloat-abi=hard -Wl,-build-id=none -specs=Xilinx.spec -Wl,-T -Wl,../src/lscript.ld -L../../standalone_bsp_0/ps7_cortexa9_0/lib -o "standalone_bsp_0_xuartps_hello_world_example_1.elf"  ./src/Camera_config.o   -Wl,--start-group,-lxil,-lgcc,-lc,--end-group
'Finished building target: standalone_bsp_0_xuartps_hello_world_example_1.elf'
' '
'Invoking: ARM v7 Print Size'
arm-none-eabi-size standalone_bsp_0_xuartps_hello_world_example_1.elf  |tee "standalone_bsp_0_xuartps_hello_world_example_1.elf.size"
   text	   data	    bss	    dec	    hex	filename
  31500	   1544	   9448	  42492	   a5fc	standalone_bsp_0_xuartps_hello_world_example_1.elf
'Finished building: standalone_bsp_0_xuartps_hello_world_example_1.elf.size'
' '
12:55:22 **** Incremental Build of configuration Debug for project standalone_bsp_0_xuartps_hello_world_example_1 ****
make pre-build main-build 
a9-linaro-pre-build-step
' '
make: Nothing to be done for 'main-build'.
12:55:40 **** Auto Build of configuration Debug for project standalone_bsp_0_xuartps_hello_world_example_1 ****
make pre-build main-build 
a9-linaro-pre-build-step
' '
'Building file: ../src/Camera_config.c'
'Invoking: ARM v7 gcc compiler'
arm-none-eabi-gcc -Wall -O0 -g3 -c -fmessage-length=0 -MT"src/Camera_config.o" -mcpu=cortex-a9 -mfpu=vfpv3 -mfloat-abi=hard -I../../standalone_bsp_0/ps7_cortexa9_0/include -MMD -MP -MF"src/Camera_config.d" -MT"src/Camera_config.o" -o "src/Camera_config.o" "../src/Camera_config.c"
'Finished building: ../src/Camera_config.c'
' '
'Building target: standalone_bsp_0_xuartps_hello_world_example_1.elf'
'Invoking: ARM v7 gcc linker'
arm-none-eabi-gcc -mcpu=cortex-a9 -mfpu=vfpv3 -mfloat-abi=hard -Wl,-build-id=none -specs=Xilinx.spec -Wl,-T -Wl,../src/lscript.ld -L../../standalone_bsp_0/ps7_cortexa9_0/lib -o "standalone_bsp_0_xuartps_hello_world_example_1.elf"  ./src/Camera_config.o   -Wl,--start-group,-lxil,-lgcc,-lc,--end-group
'Finished building target: standalone_bsp_0_xuartps_hello_world_example_1.elf'
' '
'Invoking: ARM v7 Print Size'
arm-none-eabi-size standalone_bsp_0_xuartps_hello_world_example_1.elf  |tee "standalone_bsp_0_xuartps_hello_world_example_1.elf.size"
   text	   data	    bss	    dec	    hex	filename
  31564	   1544	   9448	  42556	   a63c	standalone_bsp_0_xuartps_hello_world_example_1.elf
'Finished building: standalone_bsp_0_xuartps_hello_world_example_1.elf.size'
' '
13:02:01 **** Auto Build of configuration Debug for project standalone_bsp_0_xuartps_hello_world_example_1 ****
make pre-build main-build 
a9-linaro-pre-build-step
' '
'Building file: ../src/Camera_config.c'
'Invoking: ARM v7 gcc compiler'
arm-none-eabi-gcc -Wall -O0 -g3 -c -fmessage-length=0 -MT"src/Camera_config.o" -mcpu=cortex-a9 -mfpu=vfpv3 -mfloat-abi=hard -I../../standalone_bsp_0/ps7_cortexa9_0/include -MMD -MP -MF"src/Camera_config.d" -MT"src/Camera_config.o" -o "src/Camera_config.o" "../src/Camera_config.c"
'Finished building: ../src/Camera_config.c'
' '
'Building target: standalone_bsp_0_xuartps_hello_world_example_1.elf'
'Invoking: ARM v7 gcc linker'
arm-none-eabi-gcc -mcpu=cortex-a9 -mfpu=vfpv3 -mfloat-abi=hard -Wl,-build-id=none -specs=Xilinx.spec -Wl,-T -Wl,../src/lscript.ld -L../../standalone_bsp_0/ps7_cortexa9_0/lib -o "standalone_bsp_0_xuartps_hello_world_example_1.elf"  ./src/Camera_config.o   -Wl,--start-group,-lxil,-lgcc,-lc,--end-group
'Finished building target: standalone_bsp_0_xuartps_hello_world_example_1.elf'
' '
'Invoking: ARM v7 Print Size'
arm-none-eabi-size standalone_bsp_0_xuartps_hello_world_example_1.elf  |tee "standalone_bsp_0_xuartps_hello_world_example_1.elf.size"
   text	   data	    bss	    dec	    hex	filename
  31584	   1544	   9448	  42576	   a650	standalone_bsp_0_xuartps_hello_world_example_1.elf
'Finished building: standalone_bsp_0_xuartps_hello_world_example_1.elf.size'
' '
13:28:44 **** Incremental Build of configuration Debug for project standalone_bsp_0_xuartps_hello_world_example_1 ****
make pre-build main-build 
a9-linaro-pre-build-step
' '
make: Nothing to be done for 'main-build'.
13:30:06 **** Incremental Build of configuration Debug for project standalone_bsp_0_xuartps_hello_world_example_1 ****
make pre-build main-build 
a9-linaro-pre-build-step
' '
make: Nothing to be done for 'main-build'.
13:31:55 **** Auto Build of configuration Debug for project standalone_bsp_0_xuartps_hello_world_example_1 ****
make pre-build main-build 
a9-linaro-pre-build-step
' '
'Building file: ../src/Camera_config.c'
'Invoking: ARM v7 gcc compiler'
arm-none-eabi-gcc -Wall -O0 -g3 -c -fmessage-length=0 -MT"src/Camera_config.o" -mcpu=cortex-a9 -mfpu=vfpv3 -mfloat-abi=hard -I../../standalone_bsp_0/ps7_cortexa9_0/include -MMD -MP -MF"src/Camera_config.d" -MT"src/Camera_config.o" -o "src/Camera_config.o" "../src/Camera_config.c"
'Finished building: ../src/Camera_config.c'
' '
'Building target: standalone_bsp_0_xuartps_hello_world_example_1.elf'
'Invoking: ARM v7 gcc linker'
arm-none-eabi-gcc -mcpu=cortex-a9 -mfpu=vfpv3 -mfloat-abi=hard -Wl,-build-id=none -specs=Xilinx.spec -Wl,-T -Wl,../src/lscript.ld -L../../standalone_bsp_0/ps7_cortexa9_0/lib -o "standalone_bsp_0_xuartps_hello_world_example_1.elf"  ./src/Camera_config.o   -Wl,--start-group,-lxil,-lgcc,-lc,--end-group
'Finished building target: standalone_bsp_0_xuartps_hello_world_example_1.elf'
' '
'Invoking: ARM v7 Print Size'
arm-none-eabi-size standalone_bsp_0_xuartps_hello_world_example_1.elf  |tee "standalone_bsp_0_xuartps_hello_world_example_1.elf.size"
   text	   data	    bss	    dec	    hex	filename
  31648	   1544	   9448	  42640	   a690	standalone_bsp_0_xuartps_hello_world_example_1.elf
'Finished building: standalone_bsp_0_xuartps_hello_world_example_1.elf.size'
' '
13:32:01 **** Auto Build of configuration Debug for project standalone_bsp_0_xuartps_hello_world_example_1 ****
make pre-build main-build 
a9-linaro-pre-build-step
' '
'Building file: ../src/Camera_config.c'
'Invoking: ARM v7 gcc compiler'
arm-none-eabi-gcc -Wall -O0 -g3 -c -fmessage-length=0 -MT"src/Camera_config.o" -mcpu=cortex-a9 -mfpu=vfpv3 -mfloat-abi=hard -I../../standalone_bsp_0/ps7_cortexa9_0/include -MMD -MP -MF"src/Camera_config.d" -MT"src/Camera_config.o" -o "src/Camera_config.o" "../src/Camera_config.c"
'Finished building: ../src/Camera_config.c'
' '
'Building target: standalone_bsp_0_xuartps_hello_world_example_1.elf'
'Invoking: ARM v7 gcc linker'
arm-none-eabi-gcc -mcpu=cortex-a9 -mfpu=vfpv3 -mfloat-abi=hard -Wl,-build-id=none -specs=Xilinx.spec -Wl,-T -Wl,../src/lscript.ld -L../../standalone_bsp_0/ps7_cortexa9_0/lib -o "standalone_bsp_0_xuartps_hello_world_example_1.elf"  ./src/Camera_config.o   -Wl,--start-group,-lxil,-lgcc,-lc,--end-group
'Finished building target: standalone_bsp_0_xuartps_hello_world_example_1.elf'
' '
'Invoking: ARM v7 Print Size'
arm-none-eabi-size standalone_bsp_0_xuartps_hello_world_example_1.elf  |tee "standalone_bsp_0_xuartps_hello_world_example_1.elf.size"
[...]
16:29:19 **** Auto Build of configuration Debug for project standalone_bsp_0_xuartps_hello_world_example_1 ****
make pre-build main-build 
a9-linaro-pre-build-step
' '
'Building file: ../src/Camera_config.c'
'Invoking: ARM v7 gcc compiler'
arm-none-eabi-gcc -Wall -O0 -g3 -c -fmessage-length=0 -MT"src/Camera_config.o" -mcpu=cortex-a9 -mfpu=vfpv3 -mfloat-abi=hard -I../../standalone_bsp_0/ps7_cortexa9_0/include -MMD -MP -MF"src/Camera_config.d" -MT"src/Camera_config.o" -o "src/Camera_config.o" "../src/Camera_config.c"
../src/Camera_config.c: In function 'main':
../src/Camera_config.c:616:120: warning: left-hand operand of comma expression has no effect [-Wunused-value]
   xil_printf("Size of address array (0x%x) and data array (0x%x) are not matched.\r\n",sizeof(Ov7670RegCongAddressArray,sizeof(Ov7670RegCongDataArray));
                                                                                                                        ^
../src/Camera_config.c:616:152: error: expected ')' before ';' token
   xil_printf("Size of address array (0x%x) and data array (0x%x) are not matched.\r\n",sizeof(Ov7670RegCongAddressArray,sizeof(Ov7670RegCongDataArray));
                                                                                                                                                        ^
                                                                                                                                                        )
../src/Camera_config.c:616:153: error: expected ';' before '}' token
   xil_printf("Size of address array (0x%x) and data array (0x%x) are not matched.\r\n",sizeof(Ov7670RegCongAddressArray,sizeof(Ov7670RegCongDataArray));
                                                                                                                                                         ^
                                                                                                                                                         ;
  }
  ~                                                                                                                                                       
make: *** [src/subdir.mk:23: src/Camera_config.o] Error 1
16:29:53 **** Auto Build of configuration Debug for project standalone_bsp_0_xuartps_hello_world_example_1 ****
make pre-build main-build 
a9-linaro-pre-build-step
' '
'Building file: ../src/Camera_config.c'
'Invoking: ARM v7 gcc compiler'
arm-none-eabi-gcc -Wall -O0 -g3 -c -fmessage-length=0 -MT"src/Camera_config.o" -mcpu=cortex-a9 -mfpu=vfpv3 -mfloat-abi=hard -I../../standalone_bsp_0/ps7_cortexa9_0/include -MMD -MP -MF"src/Camera_config.d" -MT"src/Camera_config.o" -o "src/Camera_config.o" "../src/Camera_config.c"
../src/Camera_config.c: In function 'main':
../src/Camera_config.c:616:121: error: expected ')' before ';' token
   xil_printf("Size of address array (0x%x) and data array (0x%x) are not matched.\r\n",sizeof(Ov7670RegCongAddressArray);
                                                                                                                         ^
                                                                                                                         )
../src/Camera_config.c:616:122: error: expected ';' before '}' token
   xil_printf("Size of address array (0x%x) and data array (0x%x) are not matched.\r\n",sizeof(Ov7670RegCongAddressArray);
                                                                                                                          ^
                                                                                                                          ;
  }
  ~                                                                                                                        
make: *** [src/subdir.mk:23: src/Camera_config.o] Error 1
16:30:05 **** Auto Build of configuration Debug for project standalone_bsp_0_xuartps_hello_world_example_1 ****
make pre-build main-build 
a9-linaro-pre-build-step
' '
'Building file: ../src/Camera_config.c'
'Invoking: ARM v7 gcc compiler'
arm-none-eabi-gcc -Wall -O0 -g3 -c -fmessage-length=0 -MT"src/Camera_config.o" -mcpu=cortex-a9 -mfpu=vfpv3 -mfloat-abi=hard -I../../standalone_bsp_0/ps7_cortexa9_0/include -MMD -MP -MF"src/Camera_config.d" -MT"src/Camera_config.o" -o "src/Camera_config.o" "../src/Camera_config.c"
'Finished building: ../src/Camera_config.c'
' '
'Building target: standalone_bsp_0_xuartps_hello_world_example_1.elf'
'Invoking: ARM v7 gcc linker'
arm-none-eabi-gcc -mcpu=cortex-a9 -mfpu=vfpv3 -mfloat-abi=hard -Wl,-build-id=none -specs=Xilinx.spec -Wl,-T -Wl,../src/lscript.ld -L../../standalone_bsp_0/ps7_cortexa9_0/lib -o "standalone_bsp_0_xuartps_hello_world_example_1.elf"  ./src/Camera_config.o   -Wl,--start-group,-lxil,-lgcc,-lc,--end-group
'Finished building target: standalone_bsp_0_xuartps_hello_world_example_1.elf'
' '
'Invoking: ARM v7 Print Size'
arm-none-eabi-size standalone_bsp_0_xuartps_hello_world_example_1.elf  |tee "standalone_bsp_0_xuartps_hello_world_example_1.elf.size"
   text	   data	    bss	    dec	    hex	filename
  31920	   2000	   9448	  43368	   a968	standalone_bsp_0_xuartps_hello_world_example_1.elf
'Finished building: standalone_bsp_0_xuartps_hello_world_example_1.elf.size'
' '
16:30:34 **** Auto Build of configuration Debug for project standalone_bsp_0_xuartps_hello_world_example_1 ****
make pre-build main-build 
a9-linaro-pre-build-step
' '
'Building file: ../src/Camera_config.c'
'Invoking: ARM v7 gcc compiler'
arm-none-eabi-gcc -Wall -O0 -g3 -c -fmessage-length=0 -MT"src/Camera_config.o" -mcpu=cortex-a9 -mfpu=vfpv3 -mfloat-abi=hard -I../../standalone_bsp_0/ps7_cortexa9_0/include -MMD -MP -MF"src/Camera_config.d" -MT"src/Camera_config.o" -o "src/Camera_config.o" "../src/Camera_config.c"
'Finished building: ../src/Camera_config.c'
' '
'Building target: standalone_bsp_0_xuartps_hello_world_example_1.elf'
'Invoking: ARM v7 gcc linker'
arm-none-eabi-gcc -mcpu=cortex-a9 -mfpu=vfpv3 -mfloat-abi=hard -Wl,-build-id=none -specs=Xilinx.spec -Wl,-T -Wl,../src/lscript.ld -L../../standalone_bsp_0/ps7_cortexa9_0/lib -o "standalone_bsp_0_xuartps_hello_world_example_1.elf"  ./src/Camera_config.o   -Wl,--start-group,-lxil,-lgcc,-lc,--end-group
'Finished building target: standalone_bsp_0_xuartps_hello_world_example_1.elf'
' '
'Invoking: ARM v7 Print Size'
arm-none-eabi-size standalone_bsp_0_xuartps_hello_world_example_1.elf  |tee "standalone_bsp_0_xuartps_hello_world_example_1.elf.size"
   text	   data	    bss	    dec	    hex	filename
  31896	   2000	   9448	  43344	   a950	standalone_bsp_0_xuartps_hello_world_example_1.elf
'Finished building: standalone_bsp_0_xuartps_hello_world_example_1.elf.size'
' '
16:30:46 **** Incremental Build of configuration Debug for project standalone_bsp_0_xuartps_hello_world_example_1 ****
make pre-build main-build 
a9-linaro-pre-build-step
' '
make: Nothing to be done for 'main-build'.
16:31:20 **** Auto Build of configuration Debug for project standalone_bsp_0_xuartps_hello_world_example_1 ****
make pre-build main-build 
a9-linaro-pre-build-step
' '
'Building file: ../src/Camera_config.c'
'Invoking: ARM v7 gcc compiler'
arm-none-eabi-gcc -Wall -O0 -g3 -c -fmessage-length=0 -MT"src/Camera_config.o" -mcpu=cortex-a9 -mfpu=vfpv3 -mfloat-abi=hard -I../../standalone_bsp_0/ps7_cortexa9_0/include -MMD -MP -MF"src/Camera_config.d" -MT"src/Camera_config.o" -o "src/Camera_config.o" "../src/Camera_config.c"
'Finished building: ../src/Camera_config.c'
' '
'Building target: standalone_bsp_0_xuartps_hello_world_example_1.elf'
'Invoking: ARM v7 gcc linker'
arm-none-eabi-gcc -mcpu=cortex-a9 -mfpu=vfpv3 -mfloat-abi=hard -Wl,-build-id=none -specs=Xilinx.spec -Wl,-T -Wl,../src/lscript.ld -L../../standalone_bsp_0/ps7_cortexa9_0/lib -o "standalone_bsp_0_xuartps_hello_world_example_1.elf"  ./src/Camera_config.o   -Wl,--start-group,-lxil,-lgcc,-lc,--end-group
'Finished building target: standalone_bsp_0_xuartps_hello_world_example_1.elf'
' '
'Invoking: ARM v7 Print Size'
arm-none-eabi-size standalone_bsp_0_xuartps_hello_world_example_1.elf  |tee "standalone_bsp_0_xuartps_hello_world_example_1.elf.size"
   text	   data	    bss	    dec	    hex	filename
  31824	   2000	   9448	  43272	   a908	standalone_bsp_0_xuartps_hello_world_example_1.elf
'Finished building: standalone_bsp_0_xuartps_hello_world_example_1.elf.size'
' '
16:31:58 **** Auto Build of configuration Debug for project standalone_bsp_0_xuartps_hello_world_example_1 ****
make pre-build main-build 
a9-linaro-pre-build-step
' '
'Building file: ../src/Camera_config.c'
'Invoking: ARM v7 gcc compiler'
arm-none-eabi-gcc -Wall -O0 -g3 -c -fmessage-length=0 -MT"src/Camera_config.o" -mcpu=cortex-a9 -mfpu=vfpv3 -mfloat-abi=hard -I../../standalone_bsp_0/ps7_cortexa9_0/include -MMD -MP -MF"src/Camera_config.d" -MT"src/Camera_config.o" -o "src/Camera_config.o" "../src/Camera_config.c"
'Finished building: ../src/Camera_config.c'
' '
'Building target: standalone_bsp_0_xuartps_hello_world_example_1.elf'
'Invoking: ARM v7 gcc linker'
arm-none-eabi-gcc -mcpu=cortex-a9 -mfpu=vfpv3 -mfloat-abi=hard -Wl,-build-id=none -specs=Xilinx.spec -Wl,-T -Wl,../src/lscript.ld -L../../standalone_bsp_0/ps7_cortexa9_0/lib -o "standalone_bsp_0_xuartps_hello_world_example_1.elf"  ./src/Camera_config.o   -Wl,--start-group,-lxil,-lgcc,-lc,--end-group
'Finished building target: standalone_bsp_0_xuartps_hello_world_example_1.elf'
' '
'Invoking: ARM v7 Print Size'
arm-none-eabi-size standalone_bsp_0_xuartps_hello_world_example_1.elf  |tee "standalone_bsp_0_xuartps_hello_world_example_1.elf.size"
   text	   data	    bss	    dec	    hex	filename
  31888	   2000	   9448	  43336	   a948	standalone_bsp_0_xuartps_hello_world_example_1.elf
'Finished building: standalone_bsp_0_xuartps_hello_world_example_1.elf.size'
' '
16:32:36 **** Auto Build of configuration Debug for project standalone_bsp_0_xuartps_hello_world_example_1 ****
make pre-build main-build 
a9-linaro-pre-build-step
' '
'Building file: ../src/Camera_config.c'
'Invoking: ARM v7 gcc compiler'
arm-none-eabi-gcc -Wall -O0 -g3 -c -fmessage-length=0 -MT"src/Camera_config.o" -mcpu=cortex-a9 -mfpu=vfpv3 -mfloat-abi=hard -I../../standalone_bsp_0/ps7_cortexa9_0/include -MMD -MP -MF"src/Camera_config.d" -MT"src/Camera_config.o" -o "src/Camera_config.o" "../src/Camera_config.c"
'Finished building: ../src/Camera_config.c'
' '
'Building target: standalone_bsp_0_xuartps_hello_world_example_1.elf'
'Invoking: ARM v7 gcc linker'
arm-none-eabi-gcc -mcpu=cortex-a9 -mfpu=vfpv3 -mfloat-abi=hard -Wl,-build-id=none -specs=Xilinx.spec -Wl,-T -Wl,../src/lscript.ld -L../../standalone_bsp_0/ps7_cortexa9_0/lib -o "standalone_bsp_0_xuartps_hello_world_example_1.elf"  ./src/Camera_config.o   -Wl,--start-group,-lxil,-lgcc,-lc,--end-group
'Finished building target: standalone_bsp_0_xuartps_hello_world_example_1.elf'
' '
'Invoking: ARM v7 Print Size'
arm-none-eabi-size standalone_bsp_0_xuartps_hello_world_example_1.elf  |tee "standalone_bsp_0_xuartps_hello_world_example_1.elf.size"
   text	   data	    bss	    dec	    hex	filename
  31952	   2000	   9448	  43400	   a988	standalone_bsp_0_xuartps_hello_world_example_1.elf
'Finished building: standalone_bsp_0_xuartps_hello_world_example_1.elf.size'
' '
16:32:44 **** Incremental Build of configuration Debug for project standalone_bsp_0_xuartps_hello_world_example_1 ****
make pre-build main-build 
a9-linaro-pre-build-step
' '
make: Nothing to be done for 'main-build'.
16:34:27 **** Auto Build of configuration Debug for project standalone_bsp_0_xuartps_hello_world_example_1 ****
make pre-build main-build 
a9-linaro-pre-build-step
' '
'Building file: ../src/Camera_config.c'
'Invoking: ARM v7 gcc compiler'
arm-none-eabi-gcc -Wall -O0 -g3 -c -fmessage-length=0 -MT"src/Camera_config.o" -mcpu=cortex-a9 -mfpu=vfpv3 -mfloat-abi=hard -I../../standalone_bsp_0/ps7_cortexa9_0/include -MMD -MP -MF"src/Camera_config.d" -MT"src/Camera_config.o" -o "src/Camera_config.o" "../src/Camera_config.c"
'Finished building: ../src/Camera_config.c'
' '
'Building target: standalone_bsp_0_xuartps_hello_world_example_1.elf'
'Invoking: ARM v7 gcc linker'
arm-none-eabi-gcc -mcpu=cortex-a9 -mfpu=vfpv3 -mfloat-abi=hard -Wl,-build-id=none -specs=Xilinx.spec -Wl,-T -Wl,../src/lscript.ld -L../../standalone_bsp_0/ps7_cortexa9_0/lib -o "standalone_bsp_0_xuartps_hello_world_example_1.elf"  ./src/Camera_config.o   -Wl,--start-group,-lxil,-lgcc,-lc,--end-group
'Finished building target: standalone_bsp_0_xuartps_hello_world_example_1.elf'
' '
'Invoking: ARM v7 Print Size'
arm-none-eabi-size standalone_bsp_0_xuartps_hello_world_example_1.elf  |tee "standalone_bsp_0_xuartps_hello_world_example_1.elf.size"
   text	   data	    bss	    dec	    hex	filename
  31984	   2000	   9448	  43432	   a9a8	standalone_bsp_0_xuartps_hello_world_example_1.elf
'Finished building: standalone_bsp_0_xuartps_hello_world_example_1.elf.size'
' '
16:35:09 **** Incremental Build of configuration Debug for project standalone_bsp_0_xuartps_hello_world_example_1 ****
make pre-build main-build 
a9-linaro-pre-build-step
' '
make: Nothing to be done for 'main-build'.
16:37:26 **** Auto Build of configuration Debug for project standalone_bsp_0_xuartps_hello_world_example_1 ****
make pre-build main-build 
a9-linaro-pre-build-step
' '
'Building file: ../src/Camera_config.c'
'Invoking: ARM v7 gcc compiler'
arm-none-eabi-gcc -Wall -O0 -g3 -c -fmessage-length=0 -MT"src/Camera_config.o" -mcpu=cortex-a9 -mfpu=vfpv3 -mfloat-abi=hard -I../../standalone_bsp_0/ps7_cortexa9_0/include -MMD -MP -MF"src/Camera_config.d" -MT"src/Camera_config.o" -o "src/Camera_config.o" "../src/Camera_config.c"
'Finished building: ../src/Camera_config.c'
' '
'Building target: standalone_bsp_0_xuartps_hello_world_example_1.elf'
'Invoking: ARM v7 gcc linker'
arm-none-eabi-gcc -mcpu=cortex-a9 -mfpu=vfpv3 -mfloat-abi=hard -Wl,-build-id=none -specs=Xilinx.spec -Wl,-T -Wl,../src/lscript.ld -L../../standalone_bsp_0/ps7_cortexa9_0/lib -o "standalone_bsp_0_xuartps_hello_world_example_1.elf"  ./src/Camera_config.o   -Wl,--start-group,-lxil,-lgcc,-lc,--end-group
'Finished building target: standalone_bsp_0_xuartps_hello_world_example_1.elf'
' '
'Invoking: ARM v7 Print Size'
arm-none-eabi-size standalone_bsp_0_xuartps_hello_world_example_1.elf  |tee "standalone_bsp_0_xuartps_hello_world_example_1.elf.size"
   text	   data	    bss	    dec	    hex	filename
  32092	   2000	   9448	  43540	   aa14	standalone_bsp_0_xuartps_hello_world_example_1.elf
'Finished building: standalone_bsp_0_xuartps_hello_world_example_1.elf.size'
' '
16:38:24 **** Incremental Build of configuration Debug for project standalone_bsp_0_xuartps_hello_world_example_1 ****
make pre-build main-build 
a9-linaro-pre-build-step
' '
make: Nothing to be done for 'main-build'.
16:39:00 **** Incremental Build of configuration Debug for project standalone_bsp_0_xuartps_hello_world_example_1 ****
make pre-build main-build 
a9-linaro-pre-build-step
' '
make: Nothing to be done for 'main-build'.
16:46:47 **** Auto Build of configuration Debug for project standalone_bsp_0_xuartps_hello_world_example_1 ****
make pre-build main-build 
a9-linaro-pre-build-step
' '
'Building file: ../src/Camera_config.c'
'Invoking: ARM v7 gcc compiler'
arm-none-eabi-gcc -Wall -O0 -g3 -c -fmessage-length=0 -MT"src/Camera_config.o" -mcpu=cortex-a9 -mfpu=vfpv3 -mfloat-abi=hard -I../../standalone_bsp_0/ps7_cortexa9_0/include -MMD -MP -MF"src/Camera_config.d" -MT"src/Camera_config.o" -o "src/Camera_config.o" "../src/Camera_config.c"
'Finished building: ../src/Camera_config.c'
' '
'Building target: standalone_bsp_0_xuartps_hello_world_example_1.elf'
'Invoking: ARM v7 gcc linker'
arm-none-eabi-gcc -mcpu=cortex-a9 -mfpu=vfpv3 -mfloat-abi=hard -Wl,-build-id=none -specs=Xilinx.spec -Wl,-T -Wl,../src/lscript.ld -L../../standalone_bsp_0/ps7_cortexa9_0/lib -o "standalone_bsp_0_xuartps_hello_world_example_1.elf"  ./src/Camera_config.o   -Wl,--start-group,-lxil,-lgcc,-lc,--end-group
'Finished building target: standalone_bsp_0_xuartps_hello_world_example_1.elf'
' '
'Invoking: ARM v7 Print Size'
arm-none-eabi-size standalone_bsp_0_xuartps_hello_world_example_1.elf  |tee "standalone_bsp_0_xuartps_hello_world_example_1.elf.size"
   text	   data	    bss	    dec	    hex	filename
  32092	   2000	   9448	  43540	   aa14	standalone_bsp_0_xuartps_hello_world_example_1.elf
'Finished building: standalone_bsp_0_xuartps_hello_world_example_1.elf.size'
' '
16:46:50 **** Incremental Build of configuration Debug for project standalone_bsp_0_xuartps_hello_world_example_1 ****
make pre-build main-build 
a9-linaro-pre-build-step
' '
make: Nothing to be done for 'main-build'.
17:43:26 **** Auto Build of configuration Debug for project standalone_bsp_0_xuartps_hello_world_example_1 ****
make pre-build main-build 
a9-linaro-pre-build-step
' '
'Building file: ../src/Camera_config.c'
'Invoking: ARM v7 gcc compiler'
arm-none-eabi-gcc -Wall -O0 -g3 -c -fmessage-length=0 -MT"src/Camera_config.o" -mcpu=cortex-a9 -mfpu=vfpv3 -mfloat-abi=hard -I../../standalone_bsp_0/ps7_cortexa9_0/include -MMD -MP -MF"src/Camera_config.d" -MT"src/Camera_config.o" -o "src/Camera_config.o" "../src/Camera_config.c"
'Finished building: ../src/Camera_config.c'
' '
'Building target: standalone_bsp_0_xuartps_hello_world_example_1.elf'
'Invoking: ARM v7 gcc linker'
arm-none-eabi-gcc -mcpu=cortex-a9 -mfpu=vfpv3 -mfloat-abi=hard -Wl,-build-id=none -specs=Xilinx.spec -Wl,-T -Wl,../src/lscript.ld -L../../standalone_bsp_0/ps7_cortexa9_0/lib -o "standalone_bsp_0_xuartps_hello_world_example_1.elf"  ./src/Camera_config.o   -Wl,--start-group,-lxil,-lgcc,-lc,--end-group
'Finished building target: standalone_bsp_0_xuartps_hello_world_example_1.elf'
' '
'Invoking: ARM v7 Print Size'
arm-none-eabi-size standalone_bsp_0_xuartps_hello_world_example_1.elf  |tee "standalone_bsp_0_xuartps_hello_world_example_1.elf.size"
   text	   data	    bss	    dec	    hex	filename
  32092	   1568	   9448	  43108	   a864	standalone_bsp_0_xuartps_hello_world_example_1.elf
'Finished building: standalone_bsp_0_xuartps_hello_world_example_1.elf.size'
' '
17:44:20 **** Incremental Build of configuration Debug for project standalone_bsp_0_xuartps_hello_world_example_1 ****
make pre-build main-build 
a9-linaro-pre-build-step
' '
make: Nothing to be done for 'main-build'.
21:14:04 **** Auto Build of configuration Debug for project standalone_bsp_0_xuartps_hello_world_example_1 ****
make pre-build main-build 
a9-linaro-pre-build-step
' '
'Building file: ../src/Camera_config.c'
'Invoking: ARM v7 gcc compiler'
arm-none-eabi-gcc -Wall -O0 -g3 -c -fmessage-length=0 -MT"src/Camera_config.o" -mcpu=cortex-a9 -mfpu=vfpv3 -mfloat-abi=hard -I../../standalone_bsp_0/ps7_cortexa9_0/include -MMD -MP -MF"src/Camera_config.d" -MT"src/Camera_config.o" -o "src/Camera_config.o" "../src/Camera_config.c"
'Finished building: ../src/Camera_config.c'
' '
'Building target: standalone_bsp_0_xuartps_hello_world_example_1.elf'
'Invoking: ARM v7 gcc linker'
arm-none-eabi-gcc -mcpu=cortex-a9 -mfpu=vfpv3 -mfloat-abi=hard -Wl,-build-id=none -specs=Xilinx.spec -Wl,-T -Wl,../src/lscript.ld -L../../standalone_bsp_0/ps7_cortexa9_0/lib -o "standalone_bsp_0_xuartps_hello_world_example_1.elf"  ./src/Camera_config.o   -Wl,--start-group,-lxil,-lgcc,-lc,--end-group
'Finished building target: standalone_bsp_0_xuartps_hello_world_example_1.elf'
' '
'Invoking: ARM v7 Print Size'
arm-none-eabi-size standalone_bsp_0_xuartps_hello_world_example_1.elf  |tee "standalone_bsp_0_xuartps_hello_world_example_1.elf.size"
   text	   data	    bss	    dec	    hex	filename
  32092	   1656	   9448	  43196	   a8bc	standalone_bsp_0_xuartps_hello_world_example_1.elf
'Finished building: standalone_bsp_0_xuartps_hello_world_example_1.elf.size'
' '
21:20:14 **** Incremental Build of configuration Debug for project standalone_bsp_0_xuartps_hello_world_example_1 ****
make pre-build main-build 
a9-linaro-pre-build-step
' '
make: Nothing to be done for 'main-build'.
